This is pdfTeX, Version 3.141592653-2.6-1.40.22 (TeX Live 2022/dev/Debian) (preloaded format=pdflatex 2026.7.27)  9 SEP 2026 14:46
entering extended mode
 restricted \write18 enabled.
 file:line:error style messages enabled.
 %&-line parsing enabled.
**/home/tnourji/quard_um6p_intership/docs/lectures/week_1/lec_1_week1/main.tex
(/home/tnourji/quard_um6p_intership/docs/lectures/week_1/lec_1_week1/main.tex
LaTeX2e <2021-11-15> patch level 1
L3 programming layer <2022-01-21> (/usr/share/texlive/texmf-dist/tex/latex/beamer/beamer.cls
Document Class: beamer 2022/01/21 v3.65 A class for typesetting presentations
(/usr/share/texlive/texmf-dist/tex/latex/beamer/beamerbasemodes.sty (/usr/share/texlive/texmf-dist/tex/latex/etoolbox/etoolbox.sty
Package: etoolbox 2020/10/05 v2.5k e-TeX tools for LaTeX (JAW)
\etb@tempcnta=\count185
)
\beamer@tempbox=\box50
\beamer@tempcount=\count186
\c@beamerpauses=\count187
 (/usr/share/texlive/texmf-dist/tex/latex/beamer/beamerbasedecode.sty
\beamer@slideinframe=\count188
\beamer@minimum=\count189
\beamer@decode@box=\box51
)
\beamer@commentbox=\box52
\beamer@modecount=\count190
) (/usr/share/texlive/texmf-dist/tex/generic/iftex/ifpdf.sty
Package: ifpdf 2019/10/25 v3.4 ifpdf legacy package. Use iftex instead.
 (/usr/share/texlive/texmf-dist/tex/generic/iftex/iftex.sty
Package: iftex 2020/03/06 v1.0d TeX engine tests
))
\headdp=\dimen138
\footheight=\dimen139
\sidebarheight=\dimen140
\beamer@tempdim=\dimen141
\beamer@finalheight=\dimen142
\beamer@animht=\dimen143
\beamer@animdp=\dimen144
\beamer@animwd=\dimen145
\beamer@leftmargin=\dimen146
\beamer@rightmargin=\dimen147
\beamer@leftsidebar=\dimen148
\beamer@rightsidebar=\dimen149
\beamer@boxsize=\dimen150
\beamer@vboxoffset=\dimen151
\beamer@descdefault=\dimen152
\beamer@descriptionwidth=\dimen153
\beamer@lastskip=\skip47
\beamer@areabox=\box53
\beamer@animcurrent=\box54
\beamer@animshowbox=\box55
\beamer@sectionbox=\box56
\beamer@logobox=\box57
\beamer@linebox=\box58
\beamer@sectioncount=\count191
\beamer@subsubsectionmax=\count192
\beamer@subsectionmax=\count193
\beamer@sectionmax=\count194
\beamer@totalheads=\count195
\beamer@headcounter=\count196
\beamer@partstartpage=\count197
\beamer@sectionstartpage=\count198
\beamer@subsectionstartpage=\count199
\beamer@animationtempa=\count266
\beamer@animationtempb=\count267
\beamer@xpos=\count268
\beamer@ypos=\count269
\beamer@ypos@offset=\count270
\beamer@showpartnumber=\count271
\beamer@currentsubsection=\count272
\beamer@coveringdepth=\count273
\beamer@sectionadjust=\count274
\beamer@toclastsection=\count275
\beamer@tocsectionnumber=\count276
 (/usr/share/texlive/texmf-dist/tex/latex/beamer/beamerbaseoptions.sty (/usr/share/texlive/texmf-dist/tex/latex/graphics/keyval.sty
Package: keyval 2014/10/28 v1.15 key=value parser (DPC)
\KV@toks@=\toks16
))
\beamer@paperwidth=\skip48
\beamer@paperheight=\skip49
 (/usr/share/texlive/texmf-dist/tex/latex/geometry/geometry.sty
Package: geometry 2020/01/02 v5.9 Page Geometry
 (/usr/share/texlive/texmf-dist/tex/generic/iftex/ifvtex.sty
Package: ifvtex 2019/10/25 v1.7 ifvtex legacy package. Use iftex instead.
)
\Gm@cnth=\count277
\Gm@cntv=\count278
\c@Gm@tempcnt=\count279
\Gm@bindingoffset=\dimen154
\Gm@wd@mp=\dimen155
\Gm@odd@mp=\dimen156
\Gm@even@mp=\dimen157
\Gm@layoutwidth=\dimen158
\Gm@layoutheight=\dimen159
\Gm@layouthoffset=\dimen160
\Gm@layoutvoffset=\dimen161
\Gm@dimlist=\toks17
) (/usr/share/texlive/texmf-dist/tex/latex/pgf/basiclayer/pgfcore.sty (/usr/share/texlive/texmf-dist/tex/latex/graphics/graphicx.sty
Package: graphicx 2021/09/16 v1.2d Enhanced LaTeX Graphics (DPC,SPQR)
 (/usr/share/texlive/texmf-dist/tex/latex/graphics/graphics.sty
Package: graphics 2021/03/04 v1.4d Standard LaTeX Graphics (DPC,SPQR)
 (/usr/share/texlive/texmf-dist/tex/latex/graphics/trig.sty
Package: trig 2021/08/11 v1.11 sin cos tan (DPC)
) (/usr/share/texlive/texmf-dist/tex/latex/graphics-cfg/graphics.cfg
File: graphics.cfg 2016/06/04 v1.11 sample graphics configuration
)
Package graphics Info: Driver file: pdftex.def on input line 107.
 (/usr/share/texlive/texmf-dist/tex/latex/graphics-def/pdftex.def
File: pdftex.def 2020/10/05 v1.2a Graphics/color driver for pdftex
))
\Gin@req@height=\dimen162
\Gin@req@width=\dimen163
) (/usr/share/texlive/texmf-dist/tex/latex/pgf/systemlayer/pgfsys.sty (/usr/share/texlive/texmf-dist/tex/latex/pgf/utilities/pgfrcs.sty (/usr/share/texlive/texmf-dist/tex/generic/pgf/utilities/pgfutil-common.tex
\pgfutil@everybye=\toks18
\pgfutil@tempdima=\dimen164
\pgfutil@tempdimb=\dimen165
 (/usr/share/texlive/texmf-dist/tex/generic/pgf/utilities/pgfutil-common-lists.tex)) (/usr/share/texlive/texmf-dist/tex/generic/pgf/utilities/pgfutil-latex.def
\pgfutil@abb=\box59
) (/usr/share/texlive/texmf-dist/tex/generic/pgf/utilities/pgfrcs.code.tex (/usr/share/texlive/texmf-dist/tex/generic/pgf/pgf.revision.tex)
Package: pgfrcs 2021/05/15 v3.1.9a (3.1.9a)
)) (/usr/share/texlive/texmf-dist/tex/generic/pgf/systemlayer/pgfsys.code.tex
Package: pgfsys 2021/05/15 v3.1.9a (3.1.9a)
 (/usr/share/texlive/texmf-dist/tex/generic/pgf/utilities/pgfkeys.code.tex
\pgfkeys@pathtoks=\toks19
\pgfkeys@temptoks=\toks20
 (/usr/share/texlive/texmf-dist/tex/generic/pgf/utilities/pgfkeysfiltered.code.tex
\pgfkeys@tmptoks=\toks21
))
\pgf@x=\dimen166
\pgf@y=\dimen167
\pgf@xa=\dimen168
\pgf@ya=\dimen169
\pgf@xb=\dimen170
\pgf@yb=\dimen171
\pgf@xc=\dimen172
\pgf@yc=\dimen173
\pgf@xd=\dimen174
\pgf@yd=\dimen175
\w@pgf@writea=\write3
\r@pgf@reada=\read2
\c@pgf@counta=\count280
\c@pgf@countb=\count281
\c@pgf@countc=\count282
\c@pgf@countd=\count283
\t@pgf@toka=\toks22
\t@pgf@tokb=\toks23
\t@pgf@tokc=\toks24
\pgf@sys@id@count=\count284
 (/usr/share/texlive/texmf-dist/tex/generic/pgf/systemlayer/pgf.cfg
File: pgf.cfg 2021/05/15 v3.1.9a (3.1.9a)
)
Driver file for pgf: pgfsys-pdftex.def
 (/usr/share/texlive/texmf-dist/tex/generic/pgf/systemlayer/pgfsys-pdftex.def
File: pgfsys-pdftex.def 2021/05/15 v3.1.9a (3.1.9a)
 (/usr/share/texlive/texmf-dist/tex/generic/pgf/systemlayer/pgfsys-common-pdf.def
File: pgfsys-common-pdf.def 2021/05/15 v3.1.9a (3.1.9a)
))) (/usr/share/texlive/texmf-dist/tex/generic/pgf/systemlayer/pgfsyssoftpath.code.tex
File: pgfsyssoftpath.code.tex 2021/05/15 v3.1.9a (3.1.9a)
\pgfsyssoftpath@smallbuffer@items=\count285
\pgfsyssoftpath@bigbuffer@items=\count286
) (/usr/share/texlive/texmf-dist/tex/generic/pgf/systemlayer/pgfsysprotocol.code.tex
File: pgfsysprotocol.code.tex 2021/05/15 v3.1.9a (3.1.9a)
)) (/usr/share/texlive/texmf-dist/tex/latex/xcolor/xcolor.sty
Package: xcolor 2021/10/31 v2.13 LaTeX color extensions (UK)
 (/usr/share/texlive/texmf-dist/tex/latex/graphics-cfg/color.cfg
File: color.cfg 2016/01/02 v1.6 sample color configuration
)
Package xcolor Info: Driver file: pdftex.def on input line 227.
Package xcolor Info: Model `cmy' substituted by `cmy0' on input line 1352.
Package xcolor Info: Model `hsb' substituted by `rgb' on input line 1356.
Package xcolor Info: Model `RGB' extended on input line 1368.
Package xcolor Info: Model `HTML' substituted by `rgb' on input line 1370.
Package xcolor Info: Model `Hsb' substituted by `hsb' on input line 1371.
Package xcolor Info: Model `tHsb' substituted by `hsb' on input line 1372.
Package xcolor Info: Model `HSB' substituted by `hsb' on input line 1373.
Package xcolor Info: Model `Gray' substituted by `gray' on input line 1374.
Package xcolor Info: Model `wave' substituted by `hsb' on input line 1375.
) (/usr/share/texlive/texmf-dist/tex/generic/pgf/basiclayer/pgfcore.code.tex
Package: pgfcore 2021/05/15 v3.1.9a (3.1.9a)
 (/usr/share/texlive/texmf-dist/tex/generic/pgf/math/pgfmath.code.tex (/usr/share/texlive/texmf-dist/tex/generic/pgf/math/pgfmathcalc.code.tex (/usr/share/texlive/texmf-dist/tex/generic/pgf/math/pgfmathutil.code.tex) (/usr/share/texlive/texmf-dist/tex/generic/pgf/math/pgfmathparser.code.tex
\pgfmath@dimen=\dimen176
\pgfmath@count=\count287
\pgfmath@box=\box60
\pgfmath@toks=\toks25
\pgfmath@stack@operand=\toks26
\pgfmath@stack@operation=\toks27
) (/usr/share/texlive/texmf-dist/tex/generic/pgf/math/pgfmathfunctions.code.tex (/usr/share/texlive/texmf-dist/tex/generic/pgf/math/pgfmathfunctions.basic.code.tex) (/usr/share/texlive/texmf-dist/tex/generic/pgf/math/pgfmathfunctions.trigonometric.code.tex) (/usr/share/texlive/texmf-dist/tex/generic/pgf/math/pgfmathfunctions.random.code.tex) (/usr/share/texlive/texmf-dist/tex/generic/pgf/math/pgfmathfunctions.comparison.code.tex) (/usr/share/texlive/texmf-dist/tex/generic/pgf/math/pgfmathfunctions.base.code.tex) (/usr/share/texlive/texmf-dist/tex/generic/pgf/math/pgfmathfunctions.round.code.tex) (/usr/share/texlive/texmf-dist/tex/generic/pgf/math/pgfmathfunctions.misc.code.tex) (/usr/share/texlive/texmf-dist/tex/generic/pgf/math/pgfmathfunctions.integerarithmetics.code.tex))) (/usr/share/texlive/texmf-dist/tex/generic/pgf/math/pgfmathfloat.code.tex
\c@pgfmathroundto@lastzeros=\count288
)) (/usr/share/texlive/texmf-dist/tex/generic/pgf/math/pgfint.code.tex) (/usr/share/texlive/texmf-dist/tex/generic/pgf/basiclayer/pgfcorepoints.code.tex
File: pgfcorepoints.code.tex 2021/05/15 v3.1.9a (3.1.9a)
\pgf@picminx=\dimen177
\pgf@picmaxx=\dimen178
\pgf@picminy=\dimen179
\pgf@picmaxy=\dimen180
\pgf@pathminx=\dimen181
\pgf@pathmaxx=\dimen182
\pgf@pathminy=\dimen183
\pgf@pathmaxy=\dimen184
\pgf@xx=\dimen185
\pgf@xy=\dimen186
\pgf@yx=\dimen187
\pgf@yy=\dimen188
\pgf@zx=\dimen189
\pgf@zy=\dimen190
) (/usr/share/texlive/texmf-dist/tex/generic/pgf/basiclayer/pgfcorepathconstruct.code.tex
File: pgfcorepathconstruct.code.tex 2021/05/15 v3.1.9a (3.1.9a)
\pgf@path@lastx=\dimen191
\pgf@path@lasty=\dimen192
) (/usr/share/texlive/texmf-dist/tex/generic/pgf/basiclayer/pgfcorepathusage.code.tex
File: pgfcorepathusage.code.tex 2021/05/15 v3.1.9a (3.1.9a)
\pgf@shorten@end@additional=\dimen193
\pgf@shorten@start@additional=\dimen194
) (/usr/share/texlive/texmf-dist/tex/generic/pgf/basiclayer/pgfcorescopes.code.tex
File: pgfcorescopes.code.tex 2021/05/15 v3.1.9a (3.1.9a)
\pgfpic=\box61
\pgf@hbox=\box62
\pgf@layerbox@main=\box63
\pgf@picture@serial@count=\count289
) (/usr/share/texlive/texmf-dist/tex/generic/pgf/basiclayer/pgfcoregraphicstate.code.tex
File: pgfcoregraphicstate.code.tex 2021/05/15 v3.1.9a (3.1.9a)
\pgflinewidth=\dimen195
) (/usr/share/texlive/texmf-dist/tex/generic/pgf/basiclayer/pgfcoretransformations.code.tex
File: pgfcoretransformations.code.tex 2021/05/15 v3.1.9a (3.1.9a)
\pgf@pt@x=\dimen196
\pgf@pt@y=\dimen197
\pgf@pt@temp=\dimen198
) (/usr/share/texlive/texmf-dist/tex/generic/pgf/basiclayer/pgfcorequick.code.tex
File: pgfcorequick.code.tex 2021/05/15 v3.1.9a (3.1.9a)
) (/usr/share/texlive/texmf-dist/tex/generic/pgf/basiclayer/pgfcoreobjects.code.tex
File: pgfcoreobjects.code.tex 2021/05/15 v3.1.9a (3.1.9a)
) (/usr/share/texlive/texmf-dist/tex/generic/pgf/basiclayer/pgfcorepathprocessing.code.tex
File: pgfcorepathprocessing.code.tex 2021/05/15 v3.1.9a (3.1.9a)
) (/usr/share/texlive/texmf-dist/tex/generic/pgf/basiclayer/pgfcorearrows.code.tex
File: pgfcorearrows.code.tex 2021/05/15 v3.1.9a (3.1.9a)
\pgfarrowsep=\dimen199
) (/usr/share/texlive/texmf-dist/tex/generic/pgf/basiclayer/pgfcoreshade.code.tex
File: pgfcoreshade.code.tex 2021/05/15 v3.1.9a (3.1.9a)
\pgf@max=\dimen256
\pgf@sys@shading@range@num=\count290
\pgf@shadingcount=\count291
) (/usr/share/texlive/texmf-dist/tex/generic/pgf/basiclayer/pgfcoreimage.code.tex
File: pgfcoreimage.code.tex 2021/05/15 v3.1.9a (3.1.9a)
 (/usr/share/texlive/texmf-dist/tex/generic/pgf/basiclayer/pgfcoreexternal.code.tex
File: pgfcoreexternal.code.tex 2021/05/15 v3.1.9a (3.1.9a)
\pgfexternal@startupbox=\box64
)) (/usr/share/texlive/texmf-dist/tex/generic/pgf/basiclayer/pgfcorelayers.code.tex
File: pgfcorelayers.code.tex 2021/05/15 v3.1.9a (3.1.9a)
) (/usr/share/texlive/texmf-dist/tex/generic/pgf/basiclayer/pgfcoretransparency.code.tex
File: pgfcoretransparency.code.tex 2021/05/15 v3.1.9a (3.1.9a)
) (/usr/share/texlive/texmf-dist/tex/generic/pgf/basiclayer/pgfcorepatterns.code.tex
File: pgfcorepatterns.code.tex 2021/05/15 v3.1.9a (3.1.9a)
) (/usr/share/texlive/texmf-dist/tex/generic/pgf/basiclayer/pgfcorerdf.code.tex
File: pgfcorerdf.code.tex 2021/05/15 v3.1.9a (3.1.9a)
))) (/usr/share/texlive/texmf-dist/tex/latex/base/size11.clo
File: size11.clo 2021/10/04 v1.4n Standard LaTeX file (size option)
) (/usr/share/texlive/texmf-dist/tex/latex/pgf/utilities/xxcolor.sty
Package: xxcolor 2003/10/24 ver 0.1
\XC@nummixins=\count292
\XC@countmixins=\count293
) (/usr/share/texlive/texmf-dist/tex/latex/base/atbegshi-ltx.sty
Package: atbegshi-ltx 2021/01/10 v1.0c Emulation of the original atbegshi
package with kernel methods
) (/usr/share/texlive/texmf-dist/tex/latex/hyperref/hyperref.sty
Package: hyperref 2021-06-07 v7.00m Hypertext links for LaTeX
 (/usr/share/texlive/texmf-dist/tex/generic/ltxcmds/ltxcmds.sty
Package: ltxcmds 2020-05-10 v1.25 LaTeX kernel commands for general use (HO)
) (/usr/share/texlive/texmf-dist/tex/generic/pdftexcmds/pdftexcmds.sty
Package: pdftexcmds 2020-06-27 v0.33 Utility functions of pdfTeX for LuaTeX (HO)
 (/usr/share/texlive/texmf-dist/tex/generic/infwarerr/infwarerr.sty
Package: infwarerr 2019/12/03 v1.5 Providing info/warning/error messages (HO)
)
Package pdftexcmds Info: \pdf@primitive is available.
Package pdftexcmds Info: \pdf@ifprimitive is available.
Package pdftexcmds Info: \pdfdraftmode found.
) (/usr/share/texlive/texmf-dist/tex/generic/kvsetkeys/kvsetkeys.sty
Package: kvsetkeys 2019/12/15 v1.18 Key value parser (HO)
) (/usr/share/texlive/texmf-dist/tex/generic/kvdefinekeys/kvdefinekeys.sty
Package: kvdefinekeys 2019-12-19 v1.6 Define keys (HO)
) (/usr/share/texlive/texmf-dist/tex/generic/pdfescape/pdfescape.sty
Package: pdfescape 2019/12/09 v1.15 Implements pdfTeX's escape features (HO)
) (/usr/share/texlive/texmf-dist/tex/latex/hycolor/hycolor.sty
Package: hycolor 2020-01-27 v1.10 Color options for hyperref/bookmark (HO)
) (/usr/share/texlive/texmf-dist/tex/latex/letltxmacro/letltxmacro.sty
Package: letltxmacro 2019/12/03 v1.6 Let assignment for LaTeX macros (HO)
) (/usr/share/texlive/texmf-dist/tex/latex/auxhook/auxhook.sty
Package: auxhook 2019-12-17 v1.6 Hooks for auxiliary files (HO)
) (/usr/share/texlive/texmf-dist/tex/latex/kvoptions/kvoptions.sty
Package: kvoptions 2020-10-07 v3.14 Key value format for package options (HO)
)
\@linkdim=\dimen257
\Hy@linkcounter=\count294
\Hy@pagecounter=\count295
 (/usr/share/texlive/texmf-dist/tex/latex/hyperref/pd1enc.def
File: pd1enc.def 2021-06-07 v7.00m Hyperref: PDFDocEncoding definition (HO)
Now handling font encoding PD1 ...
... no UTF-8 mapping file for font encoding PD1
) (/usr/share/texlive/texmf-dist/tex/latex/hyperref/hyperref-langpatches.def
File: hyperref-langpatches.def 2021-06-07 v7.00m Hyperref: patches for babel languages
) (/usr/share/texlive/texmf-dist/tex/generic/intcalc/intcalc.sty
Package: intcalc 2019/12/15 v1.3 Expandable calculations with integers (HO)
) (/usr/share/texlive/texmf-dist/tex/generic/etexcmds/etexcmds.sty
Package: etexcmds 2019/12/15 v1.7 Avoid name clashes with e-TeX commands (HO)
)
\Hy@SavedSpaceFactor=\count296
 (/usr/share/texlive/texmf-dist/tex/latex/hyperref/puenc.def
File: puenc.def 2021-06-07 v7.00m Hyperref: PDF Unicode definition (HO)
Now handling font encoding PU ...
... no UTF-8 mapping file for font encoding PU
)
Package hyperref Info: Option `bookmarks' set `true' on input line 4073.
Package hyperref Info: Option `bookmarksopen' set `true' on input line 4073.
Package hyperref Info: Option `implicit' set `false' on input line 4073.
Package hyperref Info: Hyper figures OFF on input line 4192.
Package hyperref Info: Link nesting OFF on input line 4197.
Package hyperref Info: Hyper index ON on input line 4200.
Package hyperref Info: Plain pages OFF on input line 4207.
Package hyperref Info: Backreferencing OFF on input line 4212.
Package hyperref Info: Implicit mode OFF; no redefinition of LaTeX internals.
Package hyperref Info: Bookmarks ON on input line 4445.
\c@Hy@tempcnt=\count297
 (/usr/share/texlive/texmf-dist/tex/latex/url/url.sty
\Urlmuskip=\muskip16
Package: url 2013/09/16  ver 3.4  Verb mode for urls, etc.
)
LaTeX Info: Redefining \url on input line 4804.
\XeTeXLinkMargin=\dimen258
 (/usr/share/texlive/texmf-dist/tex/generic/bitset/bitset.sty
Package: bitset 2019/12/09 v1.3 Handle bit-vector datatype (HO)
 (/usr/share/texlive/texmf-dist/tex/generic/bigintcalc/bigintcalc.sty
Package: bigintcalc 2019/12/15 v1.5 Expandable calculations on big integers (HO)
))
\Fld@menulength=\count298
\Field@Width=\dimen259
\Fld@charsize=\dimen260
Package hyperref Info: Hyper figures OFF on input line 6076.
Package hyperref Info: Link nesting OFF on input line 6081.
Package hyperref Info: Hyper index ON on input line 6084.
Package hyperref Info: backreferencing OFF on input line 6091.
Package hyperref Info: Link coloring OFF on input line 6096.
Package hyperref Info: Link coloring with OCG OFF on input line 6101.
Package hyperref Info: PDF/A mode OFF on input line 6106.
LaTeX Info: Redefining \ref on input line 6146.
LaTeX Info: Redefining \pageref on input line 6150.
\Hy@abspage=\count299


Package hyperref Message: Stopped early.

)
Package hyperref Info: Driver (autodetected): hpdftex.
 (/usr/share/texlive/texmf-dist/tex/latex/hyperref/hpdftex.def
File: hpdftex.def 2021-06-07 v7.00m Hyperref driver for pdfTeX
 (/usr/share/texlive/texmf-dist/tex/latex/base/atveryend-ltx.sty
Package: atveryend-ltx 2020/08/19 v1.0a Emulation of the original atveryend package
with kernel methods
)
\Fld@listcount=\count300
\c@bookmark@seq@number=\count301
 (/usr/share/texlive/texmf-dist/tex/latex/rerunfilecheck/rerunfilecheck.sty
Package: rerunfilecheck 2019/12/05 v1.9 Rerun checks for auxiliary files (HO)
 (/usr/share/texlive/texmf-dist/tex/generic/uniquecounter/uniquecounter.sty
Package: uniquecounter 2019/12/15 v1.4 Provide unlimited unique counter (HO)
)
Package uniquecounter Info: New unique counter `rerunfilecheck' on input line 286.
)) (/usr/share/texlive/texmf-dist/tex/latex/beamer/beamerbaserequires.sty (/usr/share/texlive/texmf-dist/tex/latex/beamer/beamerbasecompatibility.sty) (/usr/share/texlive/texmf-dist/tex/latex/beamer/beamerbasefont.sty (/usr/share/texlive/texmf-dist/tex/latex/amsfonts/amssymb.sty
Package: amssymb 2013/01/14 v3.01 AMS font symbols
 (/usr/share/texlive/texmf-dist/tex/latex/amsfonts/amsfonts.sty
Package: amsfonts 2013/01/14 v3.01 Basic AMSFonts support
\@emptytoks=\toks28
\symAMSa=\mathgroup4
\symAMSb=\mathgroup5
LaTeX Font Info:    Redeclaring math symbol \hbar on input line 98.
LaTeX Font Info:    Overwriting math alphabet `\mathfrak' in version `bold'
(Font)                  U/euf/m/n --> U/euf/b/n on input line 106.
))) (/usr/share/texlive/texmf-dist/tex/latex/beamer/beamerbasetranslator.sty (/usr/share/texlive/texmf-dist/tex/latex/translator/translator.sty
Package: translator 2021-05-31 v1.12d Easy translation of strings in LaTeX
)) (/usr/share/texlive/texmf-dist/tex/latex/beamer/beamerbasemisc.sty) (/usr/share/texlive/texmf-dist/tex/latex/beamer/beamerbasetwoscreens.sty) (/usr/share/texlive/texmf-dist/tex/latex/beamer/beamerbaseoverlay.sty
\beamer@argscount=\count302
\beamer@lastskipcover=\skip50
\beamer@trivlistdepth=\count303
) (/usr/share/texlive/texmf-dist/tex/latex/beamer/beamerbasetitle.sty) (/usr/share/texlive/texmf-dist/tex/latex/beamer/beamerbasesection.sty
\c@lecture=\count304
\c@part=\count305
\c@section=\count306
\c@subsection=\count307
\c@subsubsection=\count308
) (/usr/share/texlive/texmf-dist/tex/latex/beamer/beamerbaseframe.sty
\beamer@framebox=\box65
\beamer@frametitlebox=\box66
\beamer@zoombox=\box67
\beamer@zoomcount=\count309
\beamer@zoomframecount=\count310
\beamer@frametextheight=\dimen261
\c@subsectionslide=\count311
\beamer@frametopskip=\skip51
\beamer@framebottomskip=\skip52
\beamer@frametopskipautobreak=\skip53
\beamer@framebottomskipautobreak=\skip54
\beamer@envbody=\toks29
\framewidth=\dimen262
\c@framenumber=\count312
) (/usr/share/texlive/texmf-dist/tex/latex/beamer/beamerbaseverbatim.sty
\beamer@verbatimfileout=\write4
) (/usr/share/texlive/texmf-dist/tex/latex/beamer/beamerbaseframesize.sty
\beamer@splitbox=\box68
\beamer@autobreakcount=\count313
\beamer@autobreaklastheight=\dimen263
\beamer@frametitletoks=\toks30
\beamer@framesubtitletoks=\toks31
) (/usr/share/texlive/texmf-dist/tex/latex/beamer/beamerbaseframecomponents.sty
\beamer@footins=\box69
) (/usr/share/texlive/texmf-dist/tex/latex/beamer/beamerbasecolor.sty) (/usr/share/texlive/texmf-dist/tex/latex/beamer/beamerbasenotes.sty
\beamer@frameboxcopy=\box70
) (/usr/share/texlive/texmf-dist/tex/latex/beamer/beamerbasetoc.sty) (/usr/share/texlive/texmf-dist/tex/latex/beamer/beamerbasetemplates.sty
\beamer@sbttoks=\toks32
 (/usr/share/texlive/texmf-dist/tex/latex/beamer/beamerbaseauxtemplates.sty (/usr/share/texlive/texmf-dist/tex/latex/beamer/beamerbaseboxes.sty
\bmb@box=\box71
\bmb@colorbox=\box72
\bmb@boxwidth=\dimen264
\bmb@boxheight=\dimen265
\bmb@prevheight=\dimen266
\bmb@temp=\dimen267
\bmb@dima=\dimen268
\bmb@dimb=\dimen269
\bmb@prevheight=\dimen270
)
\beamer@blockheadheight=\dimen271
)) (/usr/share/texlive/texmf-dist/tex/latex/beamer/beamerbaselocalstructure.sty (/usr/share/texlive/texmf-dist/tex/latex/tools/enumerate.sty
Package: enumerate 2015/07/23 v3.00 enumerate extensions (DPC)
\@enLab=\toks33
)
\beamer@bibiconwidth=\skip55
\c@figure=\count314
\c@table=\count315
\abovecaptionskip=\skip56
\belowcaptionskip=\skip57
) (/usr/share/texlive/texmf-dist/tex/latex/beamer/beamerbasenavigation.sty
\beamer@section@min@dim=\dimen272
) (/usr/share/texlive/texmf-dist/tex/latex/beamer/beamerbasetheorems.sty (/usr/share/texlive/texmf-dist/tex/latex/amsmath/amsmath.sty
Package: amsmath 2021/10/15 v2.17l AMS math features
\@mathmargin=\skip58

For additional information on amsmath, use the `?' option.
(/usr/share/texlive/texmf-dist/tex/latex/amsmath/amstext.sty
Package: amstext 2021/08/26 v2.01 AMS text
 (/usr/share/texlive/texmf-dist/tex/latex/amsmath/amsgen.sty
File: amsgen.sty 1999/11/30 v2.0 generic functions
\@emptytoks=\toks34
\ex@=\dimen273
)) (/usr/share/texlive/texmf-dist/tex/latex/amsmath/amsbsy.sty
Package: amsbsy 1999/11/29 v1.2d Bold Symbols
\pmbraise@=\dimen274
) (/usr/share/texlive/texmf-dist/tex/latex/amsmath/amsopn.sty
Package: amsopn 2021/08/26 v2.02 operator names
)
\inf@bad=\count316
LaTeX Info: Redefining \frac on input line 234.
\uproot@=\count317
\leftroot@=\count318
LaTeX Info: Redefining \overline on input line 399.
\classnum@=\count319
\DOTSCASE@=\count320
LaTeX Info: Redefining \ldots on input line 496.
LaTeX Info: Redefining \dots on input line 499.
LaTeX Info: Redefining \cdots on input line 620.
\Mathstrutbox@=\box73
\strutbox@=\box74
\big@size=\dimen275
LaTeX Font Info:    Redeclaring font encoding OML on input line 743.
LaTeX Font Info:    Redeclaring font encoding OMS on input line 744.
\macc@depth=\count321
\c@MaxMatrixCols=\count322
\dotsspace@=\muskip17
\c@parentequation=\count323
\dspbrk@lvl=\count324
\tag@help=\toks35
\row@=\count325
\column@=\count326
\maxfields@=\count327
\andhelp@=\toks36
\eqnshift@=\dimen276
\alignsep@=\dimen277
\tagshift@=\dimen278
\tagwidth@=\dimen279
\totwidth@=\dimen280
\lineht@=\dimen281
\@envbody=\toks37
\multlinegap=\skip59
\multlinetaggap=\skip60
\mathdisplay@stack=\toks38
LaTeX Info: Redefining \[ on input line 2938.
LaTeX Info: Redefining \] on input line 2939.
) (/usr/share/texlive/texmf-dist/tex/latex/amscls/amsthm.sty
Package: amsthm 2020/05/29 v2.20.6
\thm@style=\toks39
\thm@bodyfont=\toks40
\thm@headfont=\toks41
\thm@notefont=\toks42
\thm@headpunct=\toks43
\thm@preskip=\skip61
\thm@postskip=\skip62
\thm@headsep=\skip63
\dth@everypar=\toks44
)
\c@theorem=\count328
) (/usr/share/texlive/texmf-dist/tex/latex/beamer/beamerbasethemes.sty)) (/usr/share/texlive/texmf-dist/tex/latex/beamer/beamerthemedefault.sty (/usr/share/texlive/texmf-dist/tex/latex/beamer/beamerfontthemedefault.sty) (/usr/share/texlive/texmf-dist/tex/latex/beamer/beamercolorthemedefault.sty) (/usr/share/texlive/texmf-dist/tex/latex/beamer/beamerinnerthemedefault.sty
\beamer@dima=\dimen282
\beamer@dimb=\dimen283
) (/usr/share/texlive/texmf-dist/tex/latex/beamer/beamerouterthemedefault.sty))) (./um6p-vanguard-beamer.sty (/usr/share/texlive/texmf-dist/tex/latex/psnfss/charter.sty
Package: charter 2020/03/25 PSNFSS-v9.3 (P.Dyballa) 
) (/usr/share/texlive/texmf-dist/tex/latex/pgf/frontendlayer/tikz.sty (/usr/share/texlive/texmf-dist/tex/latex/pgf/basiclayer/pgf.sty
Package: pgf 2021/05/15 v3.1.9a (3.1.9a)
 (/usr/share/texlive/texmf-dist/tex/generic/pgf/modules/pgfmoduleshapes.code.tex
File: pgfmoduleshapes.code.tex 2021/05/15 v3.1.9a (3.1.9a)
\pgfnodeparttextbox=\box75
) (/usr/share/texlive/texmf-dist/tex/generic/pgf/modules/pgfmoduleplot.code.tex
File: pgfmoduleplot.code.tex 2021/05/15 v3.1.9a (3.1.9a)
) (/usr/share/texlive/texmf-dist/tex/latex/pgf/compatibility/pgfcomp-version-0-65.sty
Package: pgfcomp-version-0-65 2021/05/15 v3.1.9a (3.1.9a)
\pgf@nodesepstart=\dimen284
\pgf@nodesepend=\dimen285
) (/usr/share/texlive/texmf-dist/tex/latex/pgf/compatibility/pgfcomp-version-1-18.sty
Package: pgfcomp-version-1-18 2021/05/15 v3.1.9a (3.1.9a)
)) (/usr/share/texlive/texmf-dist/tex/latex/pgf/utilities/pgffor.sty (/usr/share/texlive/texmf-dist/tex/latex/pgf/utilities/pgfkeys.sty (/usr/share/texlive/texmf-dist/tex/generic/pgf/utilities/pgfkeys.code.tex)) (/usr/share/texlive/texmf-dist/tex/latex/pgf/math/pgfmath.sty (/usr/share/texlive/texmf-dist/tex/generic/pgf/math/pgfmath.code.tex)) (/usr/share/texlive/texmf-dist/tex/generic/pgf/utilities/pgffor.code.tex
Package: pgffor 2021/05/15 v3.1.9a (3.1.9a)
 (/usr/share/texlive/texmf-dist/tex/generic/pgf/math/pgfmath.code.tex)
\pgffor@iter=\dimen286
\pgffor@skip=\dimen287
\pgffor@stack=\toks45
\pgffor@toks=\toks46
)) (/usr/share/texlive/texmf-dist/tex/generic/pgf/frontendlayer/tikz/tikz.code.tex
Package: tikz 2021/05/15 v3.1.9a (3.1.9a)
 (/usr/share/texlive/texmf-dist/tex/generic/pgf/libraries/pgflibraryplothandlers.code.tex
File: pgflibraryplothandlers.code.tex 2021/05/15 v3.1.9a (3.1.9a)
\pgf@plot@mark@count=\count329
\pgfplotmarksize=\dimen288
)
\tikz@lastx=\dimen289
\tikz@lasty=\dimen290
\tikz@lastxsaved=\dimen291
\tikz@lastysaved=\dimen292
\tikz@lastmovetox=\dimen293
\tikz@lastmovetoy=\dimen294
\tikzleveldistance=\dimen295
\tikzsiblingdistance=\dimen296
\tikz@figbox=\box76
\tikz@figbox@bg=\box77
\tikz@tempbox=\box78
\tikz@tempbox@bg=\box79
\tikztreelevel=\count330
\tikznumberofchildren=\count331
\tikznumberofcurrentchild=\count332
\tikz@fig@count=\count333
 (/usr/share/texlive/texmf-dist/tex/generic/pgf/modules/pgfmodulematrix.code.tex
File: pgfmodulematrix.code.tex 2021/05/15 v3.1.9a (3.1.9a)
\pgfmatrixcurrentrow=\count334
\pgfmatrixcurrentcolumn=\count335
\pgf@matrix@numberofcolumns=\count336
)
\tikz@expandcount=\count337
 (/usr/share/texlive/texmf-dist/tex/generic/pgf/frontendlayer/tikz/libraries/tikzlibrarytopaths.code.tex
File: tikzlibrarytopaths.code.tex 2021/05/15 v3.1.9a (3.1.9a)
))) (/usr/share/texlive/texmf-dist/tex/latex/base/inputenc.sty
Package: inputenc 2021/02/14 v1.3d Input encoding file
\inpenc@prehook=\toks47
\inpenc@posthook=\toks48
) (/usr/share/texlive/texmf-dist/tex/latex/base/fontenc.sty
Package: fontenc 2021/04/29 v2.0v Standard LaTeX package
) (/usr/share/texlive/texmf-dist/tex/latex/beamer/beamerfontthemeprofessionalfonts.sty)

Package um6p-vanguard-beamer Warning: Package 'arev' not found; continuing without it..

(/usr/share/texlive/texmf-dist/tex/latex/caption/caption.sty
Package: caption 2020/10/26 v3.5g Customizing captions (AR)
 (/usr/share/texlive/texmf-dist/tex/latex/caption/caption3.sty
Package: caption3 2020/10/21 v2.2e caption3 kernel (AR)
\captionmargin=\dimen297
\captionmargin@=\dimen298
\captionwidth=\dimen299
\caption@tempdima=\dimen300
\caption@indent=\dimen301
\caption@parindent=\dimen302
\caption@hangindent=\dimen303
Package caption Info: beamer document class detected.
 (/usr/share/texlive/texmf-dist/tex/latex/caption/caption-beamer.sto
File: caption-beamer.sto 2020/08/22 v2.0 Adaption of the caption package to the beamer document classes (AR)
))
\c@caption@flags=\count338
\c@continuedfloat=\count339
Package caption Info: hyperref package is loaded.
Package caption Info: Hyperref support is turned off
(caption)             because hyperref has stopped early.
) (/usr/share/texlive/texmf-dist/tex/latex/mfnfss/oldgerm.sty
Package: oldgerm 2000/08/02 v2.1k LaTeX2e package for Old German fonts
) (/usr/share/texlive/texmf-dist/tex/latex/algorithms/algorithmic.sty
Package: algorithmic 2009/08/24 v0.1 Document Style `algorithmic'
 (/usr/share/texlive/texmf-dist/tex/latex/base/ifthen.sty
Package: ifthen 2020/11/24 v1.1c Standard LaTeX ifthen package (DPC)
)
\c@ALC@unique=\count340
\c@ALC@line=\count341
\c@ALC@rem=\count342
\c@ALC@depth=\count343
\ALC@tlm=\skip64
\algorithmicindent=\skip65
) (/usr/share/texlive/texmf-dist/tex/latex/algorithms/algorithm.sty
Package: algorithm 2009/08/24 v0.1 Document Style `algorithm' - floating environment
 (/usr/share/texlive/texmf-dist/tex/latex/float/float.sty
Package: float 2001/11/08 v1.3d Float enhancements (AL)
\c@float@type=\count344
\float@exts=\toks49
\float@box=\box80
\@float@everytoks=\toks50
\@floatcapt=\box81
)
\@float@every@algorithm=\toks51
\c@algorithm=\count345
) (/usr/share/texlive/texmf-dist/tex/latex/colortbl/colortbl.sty
Package: colortbl 2020/01/04 v1.0e Color table columns (DPC)
 (/usr/share/texlive/texmf-dist/tex/latex/tools/array.sty
Package: array 2021/10/04 v2.5f Tabular extension package (FMi)
\col@sep=\dimen304
\ar@mcellbox=\box82
\extrarowheight=\dimen305
\NC@list=\toks52
\extratabsurround=\skip66
\backup@length=\skip67
\ar@cellbox=\box83
)
\everycr=\toks53
\minrowclearance=\skip68
) (/usr/share/texlive/texmf-dist/tex/latex/booktabs/booktabs.sty
Package: booktabs 2020/01/12 v1.61803398 Publication quality tables
\heavyrulewidth=\dimen306
\lightrulewidth=\dimen307
\cmidrulewidth=\dimen308
\belowrulesep=\dimen309
\belowbottomsep=\dimen310
\aboverulesep=\dimen311
\abovetopsep=\dimen312
\cmidrulesep=\dimen313
\cmidrulekern=\dimen314
\defaultaddspace=\dimen315
\@cmidla=\count346
\@cmidlb=\count347
\@aboverulesep=\dimen316
\@belowrulesep=\dimen317
\@thisruleclass=\count348
\@lastruleclass=\count349
\@thisrulewidth=\dimen318
) (/usr/share/texlive/texmf-dist/tex/latex/tools/multicol.sty
Package: multicol 2021/10/28 v1.9b multicolumn formatting (FMi)
\c@tracingmulticols=\count350
\mult@box=\box84
\multicol@leftmargin=\dimen319
\c@unbalance=\count351
\c@collectmore=\count352
\doublecol@number=\count353
\multicoltolerance=\count354
\multicolpretolerance=\count355
\full@width=\dimen320
\page@free=\dimen321
\premulticols=\dimen322
\postmulticols=\dimen323
\multicolsep=\skip69
\multicolbaselineskip=\skip70
\partial@page=\box85
\last@line=\box86
\maxbalancingoverflow=\dimen324
\mult@rightbox=\box87
\mult@grightbox=\box88
\mult@firstbox=\box89
\mult@gfirstbox=\box90
\@tempa=\box91
\@tempa=\box92
\@tempa=\box93
\@tempa=\box94
\@tempa=\box95
\@tempa=\box96
\@tempa=\box97
\@tempa=\box98
\@tempa=\box99
\@tempa=\box100
\@tempa=\box101
\@tempa=\box102
\@tempa=\box103
\@tempa=\box104
\@tempa=\box105
\@tempa=\box106
\@tempa=\box107
\@tempa=\box108
\@tempa=\box109
\@tempa=\box110
\@tempa=\box111
\@tempa=\box112
\@tempa=\box113
\@tempa=\box114
\@tempa=\box115
\@tempa=\box116
\@tempa=\box117
\@tempa=\box118
\@tempa=\box119
\@tempa=\box120
\@tempa=\box121
\@tempa=\box122
\@tempa=\box123
\@tempa=\box124
\@tempa=\box125
\@tempa=\box126
\c@minrows=\count356
\c@columnbadness=\count357
\c@finalcolumnbadness=\count358
\last@try=\dimen325
\multicolovershoot=\dimen326
\multicolundershoot=\dimen327
\mult@nat@firstbox=\box127
\colbreak@box=\box128
\mc@col@check@num=\count359
) (/usr/share/texlive/texmf-dist/tex/latex/mdframed/mdframed.sty
Package: mdframed 2013/07/01 1.9b: mdframed
 (/usr/share/texlive/texmf-dist/tex/latex/l3packages/xparse/xparse.sty (/usr/share/texlive/texmf-dist/tex/latex/l3kernel/expl3.sty
Package: expl3 2022-01-21 L3 programming layer (loader) 
 (/usr/share/texlive/texmf-dist/tex/latex/l3backend/l3backend-pdftex.def
File: l3backend-pdftex.def 2022-01-12 L3 backend support: PDF output (pdfTeX)
\l__color_backend_stack_int=\count360
\l__pdf_internal_box=\box129
))
Package: xparse 2022-01-12 L3 Experimental document command parser
) (/usr/share/texlive/texmf-dist/tex/latex/zref/zref-abspage.sty
Package: zref-abspage 2020-07-03 v2.32 Module abspage for zref (HO)
 (/usr/share/texlive/texmf-dist/tex/latex/zref/zref-base.sty
Package: zref-base 2020-07-03 v2.32 Module base for zref (HO)
Package zref Info: New property list: main on input line 764.
Package zref Info: New property: default on input line 765.
Package zref Info: New property: page on input line 766.
)
\c@abspage=\count361
Package zref Info: New property: abspage on input line 66.
) (/usr/share/texlive/texmf-dist/tex/latex/needspace/needspace.sty
Package: needspace 2010/09/12 v1.3d reserve vertical space
)
\mdf@templength=\skip71
\c@mdf@globalstyle@cnt=\count362
\mdf@skipabove@length=\skip72
\mdf@skipbelow@length=\skip73
\mdf@leftmargin@length=\skip74
\mdf@rightmargin@length=\skip75
\mdf@innerleftmargin@length=\skip76
\mdf@innerrightmargin@length=\skip77
\mdf@innertopmargin@length=\skip78
\mdf@innerbottommargin@length=\skip79
\mdf@splittopskip@length=\skip80
\mdf@splitbottomskip@length=\skip81
\mdf@outermargin@length=\skip82
\mdf@innermargin@length=\skip83
\mdf@linewidth@length=\skip84
\mdf@innerlinewidth@length=\skip85
\mdf@middlelinewidth@length=\skip86
\mdf@outerlinewidth@length=\skip87
\mdf@roundcorner@length=\skip88
\mdf@footenotedistance@length=\skip89
\mdf@userdefinedwidth@length=\skip90
\mdf@needspace@length=\skip91
\mdf@frametitleaboveskip@length=\skip92
\mdf@frametitlebelowskip@length=\skip93
\mdf@frametitlerulewidth@length=\skip94
\mdf@frametitleleftmargin@length=\skip95
\mdf@frametitlerightmargin@length=\skip96
\mdf@shadowsize@length=\skip97
\mdf@extratopheight@length=\skip98
\mdf@subtitleabovelinewidth@length=\skip99
\mdf@subtitlebelowlinewidth@length=\skip100
\mdf@subtitleaboveskip@length=\skip101
\mdf@subtitlebelowskip@length=\skip102
\mdf@subtitleinneraboveskip@length=\skip103
\mdf@subtitleinnerbelowskip@length=\skip104
\mdf@subsubtitleabovelinewidth@length=\skip105
\mdf@subsubtitlebelowlinewidth@length=\skip106
\mdf@subsubtitleaboveskip@length=\skip107
\mdf@subsubtitlebelowskip@length=\skip108
\mdf@subsubtitleinneraboveskip@length=\skip109
\mdf@subsubtitleinnerbelowskip@length=\skip110
 (/usr/share/texlive/texmf-dist/tex/latex/mdframed/md-frame-1.mdf
File: md-frame-1.mdf 2013/07/01\ 1.9b: md-frame-1
)
\mdf@frametitlebox=\box130
\mdf@footnotebox=\box131
\mdf@splitbox@one=\box132
\mdf@splitbox@two=\box133
\mdf@splitbox@save=\box134
\mdfsplitboxwidth=\skip111
\mdfsplitboxtotalwidth=\skip112
\mdfsplitboxheight=\skip113
\mdfsplitboxdepth=\skip114
\mdfsplitboxtotalheight=\skip115
\mdfframetitleboxwidth=\skip116
\mdfframetitleboxtotalwidth=\skip117
\mdfframetitleboxheight=\skip118
\mdfframetitleboxdepth=\skip119
\mdfframetitleboxtotalheight=\skip120
\mdffootnoteboxwidth=\skip121
\mdffootnoteboxtotalwidth=\skip122
\mdffootnoteboxheight=\skip123
\mdffootnoteboxdepth=\skip124
\mdffootnoteboxtotalheight=\skip125
\mdftotallinewidth=\skip126
\mdfboundingboxwidth=\skip127
\mdfboundingboxtotalwidth=\skip128
\mdfboundingboxheight=\skip129
\mdfboundingboxdepth=\skip130
\mdfboundingboxtotalheight=\skip131
\mdf@freevspace@length=\skip132
\mdf@horizontalwidthofbox@length=\skip133
\mdf@verticalmarginwhole@length=\skip134
\mdf@horizontalspaceofbox=\skip135
\mdfsubtitleheight=\skip136
\mdfsubsubtitleheight=\skip137
\c@mdfcountframes=\count363

****** mdframed patching \endmdf@trivlist

****** -- failed******

\mdf@envdepth=\count364
\c@mdf@env@i=\count365
\c@mdf@env@ii=\count366
\c@mdf@zref@counter=\count367
Package zref Info: New property: mdf@pagevalue on input line 895.
) (/usr/share/texmf/tex/latex/lm/lmodern.sty
Package: lmodern 2009/10/30 v1.6 Latin Modern Fonts
LaTeX Font Info:    Overwriting symbol font `operators' in version `normal'
(Font)                  OT1/cmr/m/n --> OT1/lmr/m/n on input line 22.
LaTeX Font Info:    Overwriting symbol font `letters' in version `normal'
(Font)                  OML/cmm/m/it --> OML/lmm/m/it on input line 23.
LaTeX Font Info:    Overwriting symbol font `symbols' in version `normal'
(Font)                  OMS/cmsy/m/n --> OMS/lmsy/m/n on input line 24.
LaTeX Font Info:    Overwriting symbol font `largesymbols' in version `normal'
(Font)                  OMX/cmex/m/n --> OMX/lmex/m/n on input line 25.
LaTeX Font Info:    Overwriting symbol font `operators' in version `bold'
(Font)                  OT1/cmr/bx/n --> OT1/lmr/bx/n on input line 26.
LaTeX Font Info:    Overwriting symbol font `letters' in version `bold'
(Font)                  OML/cmm/b/it --> OML/lmm/b/it on input line 27.
LaTeX Font Info:    Overwriting symbol font `symbols' in version `bold'
(Font)                  OMS/cmsy/b/n --> OMS/lmsy/b/n on input line 28.
LaTeX Font Info:    Overwriting symbol font `largesymbols' in version `bold'
(Font)                  OMX/cmex/m/n --> OMX/lmex/m/n on input line 29.
LaTeX Font Info:    Overwriting math alphabet `\mathbf' in version `normal'
(Font)                  OT1/cmr/bx/n --> OT1/lmr/bx/n on input line 31.
LaTeX Font Info:    Overwriting math alphabet `\mathsf' in version `normal'
(Font)                  OT1/cmss/m/n --> OT1/lmss/m/n on input line 32.
LaTeX Font Info:    Overwriting math alphabet `\mathit' in version `normal'
(Font)                  OT1/cmr/m/it --> OT1/lmr/m/it on input line 33.
LaTeX Font Info:    Overwriting math alphabet `\mathtt' in version `normal'
(Font)                  OT1/cmtt/m/n --> OT1/lmtt/m/n on input line 34.
LaTeX Font Info:    Overwriting math alphabet `\mathbf' in version `bold'
(Font)                  OT1/cmr/bx/n --> OT1/lmr/bx/n on input line 35.
LaTeX Font Info:    Overwriting math alphabet `\mathsf' in version `bold'
(Font)                  OT1/cmss/bx/n --> OT1/lmss/bx/n on input line 36.
LaTeX Font Info:    Overwriting math alphabet `\mathit' in version `bold'
(Font)                  OT1/cmr/bx/it --> OT1/lmr/bx/it on input line 37.
LaTeX Font Info:    Overwriting math alphabet `\mathtt' in version `bold'
(Font)                  OT1/cmtt/m/n --> OT1/lmtt/m/n on input line 38.
) (/usr/share/texlive/texmf-dist/tex/latex/tcolorbox/tcolorbox.sty
Package: tcolorbox 2022/01/07 version 5.0.2 text color boxes
 (/usr/share/texlive/texmf-dist/tex/latex/tools/verbatim.sty
Package: verbatim 2020-07-07 v1.5u LaTeX2e package for verbatim enhancements
\every@verbatim=\toks54
\verbatim@line=\toks55
\verbatim@in@stream=\read3
) (/usr/share/texlive/texmf-dist/tex/latex/environ/environ.sty
Package: environ 2014/05/04 v0.3 A new way to define environments
 (/usr/share/texlive/texmf-dist/tex/latex/trimspaces/trimspaces.sty
Package: trimspaces 2009/09/17 v1.1 Trim spaces around a token list
))
\tcb@titlebox=\box135
\tcb@upperbox=\box136
\tcb@lowerbox=\box137
\tcb@phantombox=\box138
\c@tcbbreakpart=\count368
\c@tcblayer=\count369
\c@tcolorbox@number=\count370
\tcb@temp=\box139
\tcb@temp=\box140
\tcb@temp=\box141
\tcb@temp=\box142
) (/usr/share/texlive/texmf-dist/tex/latex/tools/tabularx.sty
Package: tabularx 2020/01/15 v2.11c `tabularx' package (DPC)
\TX@col@width=\dimen328
\TX@old@table=\dimen329
\TX@old@col=\dimen330
\TX@target=\dimen331
\TX@delta=\dimen332
\TX@cols=\count371
\TX@ftn=\toks56
) (/usr/share/texlive/texmf-dist/tex/latex/listings/listings.sty
\lst@mode=\count372
\lst@gtempboxa=\box143
\lst@token=\toks57
\lst@length=\count373
\lst@currlwidth=\dimen333
\lst@column=\count374
\lst@pos=\count375
\lst@lostspace=\dimen334
\lst@width=\dimen335
\lst@newlines=\count376
\lst@lineno=\count377
\lst@maxwidth=\dimen336
 (/usr/share/texlive/texmf-dist/tex/latex/listings/lstmisc.sty
File: lstmisc.sty 2020/03/24 1.8d (Carsten Heinz)
\c@lstnumber=\count378
\lst@skipnumbers=\count379
\lst@framebox=\box144
) (/usr/share/texlive/texmf-dist/tex/latex/listings/listings.cfg
File: listings.cfg 2020/03/24 1.8d listings configuration
))
Package: listings 2020/03/24 1.8d (Carsten Heinz)
 (/usr/share/texlive/texmf-dist/tex/generic/pgf/frontendlayer/tikz/libraries/tikzlibrarypositioning.code.tex
File: tikzlibrarypositioning.code.tex 2021/05/15 v3.1.9a (3.1.9a)
) (/usr/share/texlive/texmf-dist/tex/generic/pgf/libraries/pgflibraryarrows.meta.code.tex
File: pgflibraryarrows.meta.code.tex 2021/05/15 v3.1.9a (3.1.9a)
\pgfarrowinset=\dimen337
\pgfarrowlength=\dimen338
\pgfarrowwidth=\dimen339
\pgfarrowlinewidth=\dimen340
) (/usr/share/texlive/texmf-dist/tex/generic/pgf/frontendlayer/tikz/libraries/tikzlibraryshapes.geometric.code.tex
File: tikzlibraryshapes.geometric.code.tex 2021/05/15 v3.1.9a (3.1.9a)
 (/usr/share/texlive/texmf-dist/tex/generic/pgf/libraries/shapes/pgflibraryshapes.geometric.code.tex
File: pgflibraryshapes.geometric.code.tex 2021/05/15 v3.1.9a (3.1.9a)
)) (/usr/share/texlive/texmf-dist/tex/generic/pgf/frontendlayer/tikz/libraries/tikzlibrarycalc.code.tex
File: tikzlibrarycalc.code.tex 2021/05/15 v3.1.9a (3.1.9a)
) (/usr/share/texlive/texmf-dist/tex/generic/pgf/frontendlayer/tikz/libraries/tikzlibraryfit.code.tex
File: tikzlibraryfit.code.tex 2021/05/15 v3.1.9a (3.1.9a)
) (/usr/share/texlive/texmf-dist/tex/generic/pgf/frontendlayer/tikz/libraries/tikzlibrarybackgrounds.code.tex
File: tikzlibrarybackgrounds.code.tex 2021/05/15 v3.1.9a (3.1.9a)
\pgf@layerbox@background=\box145
\pgf@layerboxsaved@background=\box146
)) (./user-commands.tex) (./information.tex

Package hyperref Warning: Token not allowed in a PDF string (Unicode):
(hyperref)                removing `\\' on input line 6.

)
LaTeX Font Info:    Trying to load font information for T1+lmss on input line 9.
 (/usr/share/texmf/tex/latex/lm/t1lmss.fd
File: t1lmss.fd 2009/10/30 v1.6 Font defs for Latin Modern
) (./main.aux)
\openout1 = `main.aux'.

LaTeX Font Info:    Checking defaults for OML/cmm/m/it on input line 9.
LaTeX Font Info:    ... okay on input line 9.
LaTeX Font Info:    Checking defaults for OMS/cmsy/m/n on input line 9.
LaTeX Font Info:    ... okay on input line 9.
LaTeX Font Info:    Checking defaults for OT1/cmr/m/n on input line 9.
LaTeX Font Info:    ... okay on input line 9.
LaTeX Font Info:    Checking defaults for T1/cmr/m/n on input line 9.
LaTeX Font Info:    ... okay on input line 9.
LaTeX Font Info:    Checking defaults for TS1/cmr/m/n on input line 9.
LaTeX Font Info:    ... okay on input line 9.
LaTeX Font Info:    Checking defaults for OMX/cmex/m/n on input line 9.
LaTeX Font Info:    ... okay on input line 9.
LaTeX Font Info:    Checking defaults for U/cmr/m/n on input line 9.
LaTeX Font Info:    ... okay on input line 9.
LaTeX Font Info:    Checking defaults for PD1/pdf/m/n on input line 9.
LaTeX Font Info:    ... okay on input line 9.
LaTeX Font Info:    Checking defaults for PU/pdf/m/n on input line 9.
LaTeX Font Info:    ... okay on input line 9.

*geometry* driver: auto-detecting
*geometry* detected driver: pdftex
*geometry* verbose mode - [ preamble ] result:
* driver: pdftex
* paper: custom
* layout: <same size as paper>
* layoutoffset:(h,v)=(0.0pt,0.0pt)
* modes: includehead includefoot 
* h-part:(L,W,R)=(28.45274pt, 398.3386pt, 28.45274pt)
* v-part:(T,H,B)=(0.0pt, 256.0748pt, 0.0pt)
* \paperwidth=455.24408pt
* \paperheight=256.0748pt
* \textwidth=398.3386pt
* \textheight=227.62207pt
* \oddsidemargin=-43.81725pt
* \evensidemargin=-43.81725pt
* \topmargin=-72.26999pt
* \headheight=14.22636pt
* \headsep=0.0pt
* \topskip=11.0pt
* \footskip=14.22636pt
* \marginparwidth=4.0pt
* \marginparsep=10.0pt
* \columnsep=10.0pt
* \skip\footins=10.0pt plus 4.0pt minus 2.0pt
* \hoffset=0.0pt
* \voffset=0.0pt
* \mag=1000
* \@twocolumnfalse
* \@twosidefalse
* \@mparswitchfalse
* \@reversemarginfalse
* (1in=72.27pt=25.4mm, 1cm=28.453pt)

(/usr/share/texlive/texmf-dist/tex/context/base/mkii/supp-pdf.mkii
[Loading MPS to PDF converter (version 2006.09.02).]
\scratchcounter=\count380
\scratchdimen=\dimen341
\scratchbox=\box147
\nofMPsegments=\count381
\nofMParguments=\count382
\everyMPshowfont=\toks58
\MPscratchCnt=\count383
\MPscratchDim=\dimen342
\MPnumerator=\count384
\makeMPintoPDFobject=\count385
\everyMPtoPDFconversion=\toks59
) (/usr/share/texlive/texmf-dist/tex/latex/epstopdf-pkg/epstopdf-base.sty
Package: epstopdf-base 2020-01-24 v2.11 Base part for package epstopdf
Package epstopdf-base Info: Redefining graphics rule for `.eps' on input line 485.
 (/usr/share/texlive/texmf-dist/tex/latex/latexconfig/epstopdf-sys.cfg
File: epstopdf-sys.cfg 2010/07/13 v1.3 Configuration of (r)epstopdf for TeX Live
))
Package hyperref Info: Link coloring OFF on input line 9.
 (/usr/share/texlive/texmf-dist/tex/latex/hyperref/nameref.sty
Package: nameref 2021-04-02 v2.47 Cross-referencing by name of section
 (/usr/share/texlive/texmf-dist/tex/latex/refcount/refcount.sty
Package: refcount 2019/12/15 v3.6 Data extraction from label references (HO)
) (/usr/share/texlive/texmf-dist/tex/generic/gettitlestring/gettitlestring.sty
Package: gettitlestring 2019/12/15 v1.6 Cleanup title references (HO)
)
\c@section@level=\count386
)
LaTeX Info: Redefining \ref on input line 9.
LaTeX Info: Redefining \pageref on input line 9.
LaTeX Info: Redefining \nameref on input line 9.
 (./main.out) (./main.out)
\@outlinefile=\write5
\openout5 = `main.out'.

 (/usr/share/texlive/texmf-dist/tex/latex/translator/translator-basic-dictionary-English.dict
Dictionary: translator-basic-dictionary, Language: English 
) (/usr/share/texlive/texmf-dist/tex/latex/translator/translator-bibliography-dictionary-English.dict
Dictionary: translator-bibliography-dictionary, Language: English 
) (/usr/share/texlive/texmf-dist/tex/latex/translator/translator-environment-dictionary-English.dict
Dictionary: translator-environment-dictionary, Language: English 
) (/usr/share/texlive/texmf-dist/tex/latex/translator/translator-months-dictionary-English.dict
Dictionary: translator-months-dictionary, Language: English 
) (/usr/share/texlive/texmf-dist/tex/latex/translator/translator-numbers-dictionary-English.dict
Dictionary: translator-numbers-dictionary, Language: English 
) (/usr/share/texlive/texmf-dist/tex/latex/translator/translator-theorem-dictionary-English.dict
Dictionary: translator-theorem-dictionary, Language: English 
)
Package caption Info: Begin \AtBeginDocument code.
Package caption Info: float package is loaded.
Package caption Info: listings package is loaded.
Package caption Info: End \AtBeginDocument code.
\c@lstlisting=\count387
 (./main.nav)
<logos/um6p-white-short.png, id=29, 625.33624pt x 217.81375pt>
File: logos/um6p-white-short.png Graphic file (type png)
<use logos/um6p-white-short.png>
Package pdftex.def Info: logos/um6p-white-short.png  used on input line 9.
(pdftex.def)             Requested size: 28.45274pt x 9.90755pt.
LaTeX Font Info:    Trying to load font information for T1+lmr on input line 16.
 (/usr/share/texmf/tex/latex/lm/t1lmr.fd
File: t1lmr.fd 2009/10/30 v1.6 Font defs for Latin Modern
)

LaTeX Font Warning: Font shape `T1/lmss/m/sc' in size <8> not available
(Font)              Font shape `T1/lmr/m/sc' tried instead on input line 16.

LaTeX Font Info:    Font shape `T1/lmss/m/it' in size <8> not available
(Font)              Font shape `T1/lmss/m/sl' tried instead on input line 16.
<logos/um6p-white.png, id=51, 540.0175pt x 159.59625pt>
File: logos/um6p-white.png Graphic file (type png)
<use logos/um6p-white.png>
Package pdftex.def Info: logos/um6p-white.png  used on input line 16.
(pdftex.def)             Requested size: 142.26378pt x 42.0444pt.
<logos/vanguard-white.png, id=52, 845.1575pt x 597.56583pt>
File: logos/vanguard-white.png Graphic file (type png)
<use logos/vanguard-white.png>
Package pdftex.def Info: logos/vanguard-white.png  used on input line 16.
(pdftex.def)             Requested size: 71.13188pt x 50.28636pt.
LaTeX Font Info:    Trying to load font information for T1+phv on input line 16.
(/usr/share/texlive/texmf-dist/tex/latex/psnfss/t1phv.fd
File: t1phv.fd 2020/03/25 scalable font definitions for T1/phv.
) [1

{/var/lib/texmf/fonts/map/pdftex/updmap/pdftex.map} <./logos/um6p-white.png> <./logos/vanguard-white.png>] (./main.toc)
File: logos/um6p-white-short.png Graphic file (type png)
<use logos/um6p-white-short.png>
Package pdftex.def Info: logos/um6p-white-short.png  used on input line 26.
(pdftex.def)             Requested size: 28.45274pt x 9.90755pt.
 [2

 <./logos/um6p-white-short.png>] (./lectex/Foundation.tex (./main.toc) [3

]
<./images/Gemini_Generated_Image_vo4vdvvo4vdvvo4v.jpeg, id=132, 2740.2375pt x 1541.76pt>
File: ./images/Gemini_Generated_Image_vo4vdvvo4vdvvo4v.jpeg Graphic file (type jpg)
<use ./images/Gemini_Generated_Image_vo4vdvvo4vdvvo4v.jpeg>
Package pdftex.def Info: ./images/Gemini_Generated_Image_vo4vdvvo4vdvvo4v.jpeg  used on input line 13.
(pdftex.def)             Requested size: 358.50229pt x 201.7062pt.
File: logos/um6p-white-short.png Graphic file (type png)
<use logos/um6p-white-short.png>
Package pdftex.def Info: logos/um6p-white-short.png  used on input line 13.
(pdftex.def)             Requested size: 28.45274pt x 9.90755pt.
 [4

 <./images/Gemini_Generated_Image_vo4vdvvo4vdvvo4v.jpeg>]
LaTeX Font Info:    Trying to load font information for OT1+lmr on input line 40.
 (/usr/share/texmf/tex/latex/lm/ot1lmr.fd
File: ot1lmr.fd 2009/10/30 v1.6 Font defs for Latin Modern
)
LaTeX Font Info:    Trying to load font information for OML+lmm on input line 40.
 (/usr/share/texmf/tex/latex/lm/omllmm.fd
File: omllmm.fd 2009/10/30 v1.6 Font defs for Latin Modern
)
LaTeX Font Info:    Trying to load font information for OMS+lmsy on input line 40.
 (/usr/share/texmf/tex/latex/lm/omslmsy.fd
File: omslmsy.fd 2009/10/30 v1.6 Font defs for Latin Modern
)
LaTeX Font Info:    Trying to load font information for OMX+lmex on input line 40.
 (/usr/share/texmf/tex/latex/lm/omxlmex.fd
File: omxlmex.fd 2009/10/30 v1.6 Font defs for Latin Modern
)
LaTeX Font Info:    External font `lmex10' loaded for size
(Font)              <9> on input line 40.
LaTeX Font Info:    External font `lmex10' loaded for size
(Font)              <6> on input line 40.
LaTeX Font Info:    External font `lmex10' loaded for size
(Font)              <5> on input line 40.
LaTeX Font Info:    Trying to load font information for U+msa on input line 40.
 (/usr/share/texlive/texmf-dist/tex/latex/amsfonts/umsa.fd
File: umsa.fd 2013/01/14 v3.01 AMS symbols A
)
LaTeX Font Info:    Trying to load font information for U+msb on input line 40.
 (/usr/share/texlive/texmf-dist/tex/latex/amsfonts/umsb.fd
File: umsb.fd 2013/01/14 v3.01 AMS symbols B
)
File: logos/um6p-white-short.png Graphic file (type png)
<use logos/um6p-white-short.png>
Package pdftex.def Info: logos/um6p-white-short.png  used on input line 40.
(pdftex.def)             Requested size: 28.45274pt x 9.90755pt.
 [5

]
File: logos/um6p-white-short.png Graphic file (type png)
<use logos/um6p-white-short.png>
Package pdftex.def Info: logos/um6p-white-short.png  used on input line 40.
(pdftex.def)             Requested size: 28.45274pt x 9.90755pt.
 [6

]
LaTeX Font Info:    Font shape `T1/lmss/b/n' in size <14.4> not available
(Font)              Font shape `T1/lmss/bx/n' tried instead on input line 68.
File: logos/um6p-white-short.png Graphic file (type png)
<use logos/um6p-white-short.png>
Package pdftex.def Info: logos/um6p-white-short.png  used on input line 68.
(pdftex.def)             Requested size: 28.45274pt x 9.90755pt.
 [7

]
<./images/intershipimg.jpeg, id=239, 2826.56pt x 1541.76pt>
File: ./images/intershipimg.jpeg Graphic file (type jpg)
<use ./images/intershipimg.jpeg>
Package pdftex.def Info: ./images/intershipimg.jpeg  used on input line 78.
(pdftex.def)             Requested size: 358.50229pt x 195.54256pt.
File: logos/um6p-white-short.png Graphic file (type png)
<use logos/um6p-white-short.png>
Package pdftex.def Info: logos/um6p-white-short.png  used on input line 78.
(pdftex.def)             Requested size: 28.45274pt x 9.90755pt.
 [8

 <./images/intershipimg.jpeg>]
LaTeX Font Info:    Font shape `T1/lmss/b/n' in size <9> not available
(Font)              Font shape `T1/lmss/bx/n' tried instead on input line 137.
File: logos/um6p-white-short.png Graphic file (type png)
<use logos/um6p-white-short.png>
Package pdftex.def Info: logos/um6p-white-short.png  used on input line 137.
(pdftex.def)             Requested size: 28.45274pt x 9.90755pt.
 [9

]
File: logos/um6p-white-short.png Graphic file (type png)
<use logos/um6p-white-short.png>
Package pdftex.def Info: logos/um6p-white-short.png  used on input line 137.
(pdftex.def)             Requested size: 28.45274pt x 9.90755pt.
 [10

]
LaTeX Font Info:    Font shape `T1/lmss/b/n' in size <12> not available
(Font)              Font shape `T1/lmss/bx/n' tried instead on input line 191.
File: logos/um6p-white-short.png Graphic file (type png)
<use logos/um6p-white-short.png>
Package pdftex.def Info: logos/um6p-white-short.png  used on input line 191.
(pdftex.def)             Requested size: 28.45274pt x 9.90755pt.
 [11

]
File: logos/um6p-white-short.png Graphic file (type png)
<use logos/um6p-white-short.png>
Package pdftex.def Info: logos/um6p-white-short.png  used on input line 191.
(pdftex.def)             Requested size: 28.45274pt x 9.90755pt.
 [12

]
File: logos/um6p-white-short.png Graphic file (type png)
<use logos/um6p-white-short.png>
Package pdftex.def Info: logos/um6p-white-short.png  used on input line 191.
(pdftex.def)             Requested size: 28.45274pt x 9.90755pt.
 [13

]
File: logos/um6p-white-short.png Graphic file (type png)
<use logos/um6p-white-short.png>
Package pdftex.def Info: logos/um6p-white-short.png  used on input line 240.
(pdftex.def)             Requested size: 28.45274pt x 9.90755pt.
 [14

]
File: logos/um6p-white-short.png Graphic file (type png)
<use logos/um6p-white-short.png>
Package pdftex.def Info: logos/um6p-white-short.png  used on input line 240.
(pdftex.def)             Requested size: 28.45274pt x 9.90755pt.
 [15

]
File: logos/um6p-white-short.png Graphic file (type png)
<use logos/um6p-white-short.png>
Package pdftex.def Info: logos/um6p-white-short.png  used on input line 288.
(pdftex.def)             Requested size: 28.45274pt x 9.90755pt.
 [16

]
File: logos/um6p-white-short.png Graphic file (type png)
<use logos/um6p-white-short.png>
Package pdftex.def Info: logos/um6p-white-short.png  used on input line 357.
(pdftex.def)             Requested size: 28.45274pt x 9.90755pt.
 [17

]
Overfull \vbox (0.44994pt too high) detected at line 377
 []

File: logos/um6p-white-short.png Graphic file (type png)
<use logos/um6p-white-short.png>
Package pdftex.def Info: logos/um6p-white-short.png  used on input line 377.
(pdftex.def)             Requested size: 28.45274pt x 9.90755pt.
[18

]
File: logos/um6p-white-short.png Graphic file (type png)
<use logos/um6p-white-short.png>
Package pdftex.def Info: logos/um6p-white-short.png  used on input line 386.
(pdftex.def)             Requested size: 28.45274pt x 9.90755pt.
 [19

]
LaTeX Font Info:    Font shape `T1/lmss/b/n' in size <10.95> not available
(Font)              Font shape `T1/lmss/bx/n' tried instead on input line 405.
File: logos/um6p-white-short.png Graphic file (type png)
<use logos/um6p-white-short.png>
Package pdftex.def Info: logos/um6p-white-short.png  used on input line 405.
(pdftex.def)             Requested size: 28.45274pt x 9.90755pt.
 [20

]
LaTeX Font Info:    External font `lmex10' loaded for size
(Font)              <10.95> on input line 569.
LaTeX Font Info:    External font `lmex10' loaded for size
(Font)              <8> on input line 569.
LaTeX Font Info:    Font shape `T1/lmss/b/n' in size <8> not available
(Font)              Font shape `T1/lmss/bx/n' tried instead on input line 569.
File: logos/um6p-white-short.png Graphic file (type png)
<use logos/um6p-white-short.png>
Package pdftex.def Info: logos/um6p-white-short.png  used on input line 569.
(pdftex.def)             Requested size: 28.45274pt x 9.90755pt.
 [21

]) (./lectex/Ubuntu.tex (./main.toc) [22

]
File: logos/um6p-white-short.png Graphic file (type png)
<use logos/um6p-white-short.png>
Package pdftex.def Info: logos/um6p-white-short.png  used on input line 47.
(pdftex.def)             Requested size: 28.45274pt x 9.90755pt.
 [23

]
File: logos/um6p-white-short.png Graphic file (type png)
<use logos/um6p-white-short.png>
Package pdftex.def Info: logos/um6p-white-short.png  used on input line 47.
(pdftex.def)             Requested size: 28.45274pt x 9.90755pt.
 [24

]
File: logos/um6p-white-short.png Graphic file (type png)
<use logos/um6p-white-short.png>
Package pdftex.def Info: logos/um6p-white-short.png  used on input line 104.
(pdftex.def)             Requested size: 28.45274pt x 9.90755pt.
 [25

]
File: logos/um6p-white-short.png Graphic file (type png)
<use logos/um6p-white-short.png>
Package pdftex.def Info: logos/um6p-white-short.png  used on input line 104.
(pdftex.def)             Requested size: 28.45274pt x 9.90755pt.
 [26

]
File: logos/um6p-white-short.png Graphic file (type png)
<use logos/um6p-white-short.png>
Package pdftex.def Info: logos/um6p-white-short.png  used on input line 104.
(pdftex.def)             Requested size: 28.45274pt x 9.90755pt.
 [27

]
File: logos/um6p-white-short.png Graphic file (type png)
<use logos/um6p-white-short.png>
Package pdftex.def Info: logos/um6p-white-short.png  used on input line 176.
(pdftex.def)             Requested size: 28.45274pt x 9.90755pt.
 [28

]
File: logos/um6p-white-short.png Graphic file (type png)
<use logos/um6p-white-short.png>
Package pdftex.def Info: logos/um6p-white-short.png  used on input line 176.
(pdftex.def)             Requested size: 28.45274pt x 9.90755pt.
 [29

]
LaTeX Font Info:    Trying to load font information for T1+lmtt on input line 247.
 (/usr/share/texmf/tex/latex/lm/t1lmtt.fd
File: t1lmtt.fd 2009/10/30 v1.6 Font defs for Latin Modern
)
File: logos/um6p-white-short.png Graphic file (type png)
<use logos/um6p-white-short.png>
Package pdftex.def Info: logos/um6p-white-short.png  used on input line 247.
(pdftex.def)             Requested size: 28.45274pt x 9.90755pt.
 [30

]
File: logos/um6p-white-short.png Graphic file (type png)
<use logos/um6p-white-short.png>
Package pdftex.def Info: logos/um6p-white-short.png  used on input line 247.
(pdftex.def)             Requested size: 28.45274pt x 9.90755pt.
 [31

]
<./images/linux.png, id=855, 752.8125pt x 501.875pt>
File: ./images/linux.png Graphic file (type png)
<use ./images/linux.png>
Package pdftex.def Info: ./images/linux.png  used on input line 269.
(pdftex.def)             Requested size: 167.30147pt x 111.5309pt.
File: logos/um6p-white-short.png Graphic file (type png)
<use logos/um6p-white-short.png>
Package pdftex.def Info: logos/um6p-white-short.png  used on input line 269.
(pdftex.def)             Requested size: 28.45274pt x 9.90755pt.
 [32

 <./images/linux.png (PNG copy)>]
Overfull \vbox (0.7002pt too high) detected at line 328
 []

File: logos/um6p-white-short.png Graphic file (type png)
<use logos/um6p-white-short.png>
Package pdftex.def Info: logos/um6p-white-short.png  used on input line 328.
(pdftex.def)             Requested size: 28.45274pt x 9.90755pt.
[33

]
Overfull \vbox (0.7002pt too high) detected at line 328
 []

File: logos/um6p-white-short.png Graphic file (type png)
<use logos/um6p-white-short.png>
Package pdftex.def Info: logos/um6p-white-short.png  used on input line 328.
(pdftex.def)             Requested size: 28.45274pt x 9.90755pt.
[34

]
File: logos/um6p-white-short.png Graphic file (type png)
<use logos/um6p-white-short.png>
Package pdftex.def Info: logos/um6p-white-short.png  used on input line 367.
(pdftex.def)             Requested size: 28.45274pt x 9.90755pt.
 [35

]
File: logos/um6p-white-short.png Graphic file (type png)
<use logos/um6p-white-short.png>
Package pdftex.def Info: logos/um6p-white-short.png  used on input line 367.
(pdftex.def)             Requested size: 28.45274pt x 9.90755pt.
 [36

]
File: logos/um6p-white-short.png Graphic file (type png)
<use logos/um6p-white-short.png>
Package pdftex.def Info: logos/um6p-white-short.png  used on input line 402.
(pdftex.def)             Requested size: 28.45274pt x 9.90755pt.
 [37

]
File: logos/um6p-white-short.png Graphic file (type png)
<use logos/um6p-white-short.png>
Package pdftex.def Info: logos/um6p-white-short.png  used on input line 402.
(pdftex.def)             Requested size: 28.45274pt x 9.90755pt.
 [38

]
File: logos/um6p-white-short.png Graphic file (type png)
<use logos/um6p-white-short.png>
Package pdftex.def Info: logos/um6p-white-short.png  used on input line 440.
(pdftex.def)             Requested size: 28.45274pt x 9.90755pt.
 [39

]
File: logos/um6p-white-short.png Graphic file (type png)
<use logos/um6p-white-short.png>
Package pdftex.def Info: logos/um6p-white-short.png  used on input line 440.
(pdftex.def)             Requested size: 28.45274pt x 9.90755pt.
 [40

]
File: logos/um6p-white-short.png Graphic file (type png)
<use logos/um6p-white-short.png>
Package pdftex.def Info: logos/um6p-white-short.png  used on input line 468.
(pdftex.def)             Requested size: 28.45274pt x 9.90755pt.
 [41

]
File: logos/um6p-white-short.png Graphic file (type png)
<use logos/um6p-white-short.png>
Package pdftex.def Info: logos/um6p-white-short.png  used on input line 537.
(pdftex.def)             Requested size: 28.45274pt x 9.90755pt.
 [42

]
File: logos/um6p-white-short.png Graphic file (type png)
<use logos/um6p-white-short.png>
Package pdftex.def Info: logos/um6p-white-short.png  used on input line 537.
(pdftex.def)             Requested size: 28.45274pt x 9.90755pt.
 [43

]
File: logos/um6p-white-short.png Graphic file (type png)
<use logos/um6p-white-short.png>
Package pdftex.def Info: logos/um6p-white-short.png  used on input line 573.
(pdftex.def)             Requested size: 28.45274pt x 9.90755pt.
 [44

]
File: logos/um6p-white-short.png Graphic file (type png)
<use logos/um6p-white-short.png>
Package pdftex.def Info: logos/um6p-white-short.png  used on input line 614.
(pdftex.def)             Requested size: 28.45274pt x 9.90755pt.
 [45

]
File: logos/um6p-white-short.png Graphic file (type png)
<use logos/um6p-white-short.png>
Package pdftex.def Info: logos/um6p-white-short.png  used on input line 614.
(pdftex.def)             Requested size: 28.45274pt x 9.90755pt.
 [46

]
File: logos/um6p-white-short.png Graphic file (type png)
<use logos/um6p-white-short.png>
Package pdftex.def Info: logos/um6p-white-short.png  used on input line 640.
(pdftex.def)             Requested size: 28.45274pt x 9.90755pt.
 [47

]
File: logos/um6p-white-short.png Graphic file (type png)
<use logos/um6p-white-short.png>
Package pdftex.def Info: logos/um6p-white-short.png  used on input line 640.
(pdftex.def)             Requested size: 28.45274pt x 9.90755pt.
 [48

]
File: logos/um6p-white-short.png Graphic file (type png)
<use logos/um6p-white-short.png>
Package pdftex.def Info: logos/um6p-white-short.png  used on input line 666.
(pdftex.def)             Requested size: 28.45274pt x 9.90755pt.
 [49

]
File: logos/um6p-white-short.png Graphic file (type png)
<use logos/um6p-white-short.png>
Package pdftex.def Info: logos/um6p-white-short.png  used on input line 666.
(pdftex.def)             Requested size: 28.45274pt x 9.90755pt.
 [50

]
File: logos/um6p-white-short.png Graphic file (type png)
<use logos/um6p-white-short.png>
Package pdftex.def Info: logos/um6p-white-short.png  used on input line 772.
(pdftex.def)             Requested size: 28.45274pt x 9.90755pt.
 [51

]
File: logos/um6p-white-short.png Graphic file (type png)
<use logos/um6p-white-short.png>
Package pdftex.def Info: logos/um6p-white-short.png  used on input line 812.
(pdftex.def)             Requested size: 28.45274pt x 9.90755pt.
 [52

 </usr/share/texlive/texmf-dist/tex/latex/beamer/beamericonarticle.pdf>]
File: logos/um6p-white-short.png Graphic file (type png)
<use logos/um6p-white-short.png>
Package pdftex.def Info: logos/um6p-white-short.png  used on input line 840.
(pdftex.def)             Requested size: 28.45274pt x 9.90755pt.
 [53

]) (./lectex/Terminal.tex (./main.toc) [54

]
File: logos/um6p-white-short.png Graphic file (type png)
<use logos/um6p-white-short.png>
Package pdftex.def Info: logos/um6p-white-short.png  used on input line 64.
(pdftex.def)             Requested size: 28.45274pt x 9.90755pt.
 [55

]
File: logos/um6p-white-short.png Graphic file (type png)
<use logos/um6p-white-short.png>
Package pdftex.def Info: logos/um6p-white-short.png  used on input line 64.
(pdftex.def)             Requested size: 28.45274pt x 9.90755pt.
 [56

]
File: logos/um6p-white-short.png Graphic file (type png)
<use logos/um6p-white-short.png>
Package pdftex.def Info: logos/um6p-white-short.png  used on input line 100.
(pdftex.def)             Requested size: 28.45274pt x 9.90755pt.
 [57

]
<images/terminal.png, id=1547, 803.0pt x 602.25pt>
File: images/terminal.png Graphic file (type png)
<use images/terminal.png>
Package pdftex.def Info: images/terminal.png  used on input line 137.
(pdftex.def)             Requested size: 187.21962pt x 140.41682pt.

Overfull \vbox (2.83417pt too high) detected at line 137
 []

File: logos/um6p-white-short.png Graphic file (type png)
<use logos/um6p-white-short.png>
Package pdftex.def Info: logos/um6p-white-short.png  used on input line 137.
(pdftex.def)             Requested size: 28.45274pt x 9.90755pt.
[58

 <./images/terminal.png>]
File: images/terminal.png Graphic file (type png)
<use images/terminal.png>
Package pdftex.def Info: images/terminal.png  used on input line 137.
(pdftex.def)             Requested size: 187.21962pt x 140.41682pt.

Overfull \vbox (2.83417pt too high) detected at line 137
 []

File: logos/um6p-white-short.png Graphic file (type png)
<use logos/um6p-white-short.png>
Package pdftex.def Info: logos/um6p-white-short.png  used on input line 137.
(pdftex.def)             Requested size: 28.45274pt x 9.90755pt.
[59

]
File: logos/um6p-white-short.png Graphic file (type png)
<use logos/um6p-white-short.png>
Package pdftex.def Info: logos/um6p-white-short.png  used on input line 197.
(pdftex.def)             Requested size: 28.45274pt x 9.90755pt.
 [60

]
File: logos/um6p-white-short.png Graphic file (type png)
<use logos/um6p-white-short.png>
Package pdftex.def Info: logos/um6p-white-short.png  used on input line 197.
(pdftex.def)             Requested size: 28.45274pt x 9.90755pt.
 [61

]
File: logos/um6p-white-short.png Graphic file (type png)
<use logos/um6p-white-short.png>
Package pdftex.def Info: logos/um6p-white-short.png  used on input line 253.
(pdftex.def)             Requested size: 28.45274pt x 9.90755pt.
 [62

]
File: logos/um6p-white-short.png Graphic file (type png)
<use logos/um6p-white-short.png>
Package pdftex.def Info: logos/um6p-white-short.png  used on input line 253.
(pdftex.def)             Requested size: 28.45274pt x 9.90755pt.
 [63

]
File: logos/um6p-white-short.png Graphic file (type png)
<use logos/um6p-white-short.png>
Package pdftex.def Info: logos/um6p-white-short.png  used on input line 301.
(pdftex.def)             Requested size: 28.45274pt x 9.90755pt.
 [64

]
File: logos/um6p-white-short.png Graphic file (type png)
<use logos/um6p-white-short.png>
Package pdftex.def Info: logos/um6p-white-short.png  used on input line 301.
(pdftex.def)             Requested size: 28.45274pt x 9.90755pt.
 [65

]
\openout4 = `main.vrb'.

 (./main.vrb)
File: logos/um6p-white-short.png Graphic file (type png)
<use logos/um6p-white-short.png>
Package pdftex.def Info: logos/um6p-white-short.png  used on input line 342.
(pdftex.def)             Requested size: 28.45274pt x 9.90755pt.
 [66

]
\openout4 = `main.vrb'.

 (./main.vrb)
File: logos/um6p-white-short.png Graphic file (type png)
<use logos/um6p-white-short.png>
Package pdftex.def Info: logos/um6p-white-short.png  used on input line 384.
(pdftex.def)             Requested size: 28.45274pt x 9.90755pt.
 [67

]
\openout4 = `main.vrb'.

 (./main.vrb)
File: logos/um6p-white-short.png Graphic file (type png)
<use logos/um6p-white-short.png>
Package pdftex.def Info: logos/um6p-white-short.png  used on input line 427.
(pdftex.def)             Requested size: 28.45274pt x 9.90755pt.
 [68

]
\openout4 = `main.vrb'.

 (./main.vrb)
File: logos/um6p-white-short.png Graphic file (type png)
<use logos/um6p-white-short.png>
Package pdftex.def Info: logos/um6p-white-short.png  used on input line 469.
(pdftex.def)             Requested size: 28.45274pt x 9.90755pt.
 [69

]
\openout4 = `main.vrb'.

 (./main.vrb)
File: logos/um6p-white-short.png Graphic file (type png)
<use logos/um6p-white-short.png>
Package pdftex.def Info: logos/um6p-white-short.png  used on input line 513.
(pdftex.def)             Requested size: 28.45274pt x 9.90755pt.
 [70

]
\openout4 = `main.vrb'.

 (./main.vrb)
File: logos/um6p-white-short.png Graphic file (type png)
<use logos/um6p-white-short.png>
Package pdftex.def Info: logos/um6p-white-short.png  used on input line 538.
(pdftex.def)             Requested size: 28.45274pt x 9.90755pt.
 [71

]
\openout4 = `main.vrb'.

 (./main.vrb)
File: logos/um6p-white-short.png Graphic file (type png)
<use logos/um6p-white-short.png>
Package pdftex.def Info: logos/um6p-white-short.png  used on input line 555.
(pdftex.def)             Requested size: 28.45274pt x 9.90755pt.
 [72

]
\openout4 = `main.vrb'.

 (./main.vrb)
File: logos/um6p-white-short.png Graphic file (type png)
<use logos/um6p-white-short.png>
Package pdftex.def Info: logos/um6p-white-short.png  used on input line 600.
(pdftex.def)             Requested size: 28.45274pt x 9.90755pt.
 [73

]
\openout4 = `main.vrb'.

 (./main.vrb)
File: logos/um6p-white-short.png Graphic file (type png)
<use logos/um6p-white-short.png>
Package pdftex.def Info: logos/um6p-white-short.png  used on input line 625.
(pdftex.def)             Requested size: 28.45274pt x 9.90755pt.
 [74

]
\openout4 = `main.vrb'.

 (./main.vrb)
File: logos/um6p-white-short.png Graphic file (type png)
<use logos/um6p-white-short.png>
Package pdftex.def Info: logos/um6p-white-short.png  used on input line 667.
(pdftex.def)             Requested size: 28.45274pt x 9.90755pt.
 [75

]
\openout4 = `main.vrb'.

 (./main.vrb)
File: logos/um6p-white-short.png Graphic file (type png)
<use logos/um6p-white-short.png>
Package pdftex.def Info: logos/um6p-white-short.png  used on input line 734.
(pdftex.def)             Requested size: 28.45274pt x 9.90755pt.
 [76

]
\openout4 = `main.vrb'.

 (./main.vrb
Overfull \hbox (30.12996pt too wide) in paragraph at lines 26--26
[]\T1/lmtt/m/n/9 export GZ_SIM_RESOURCE_PATH="$HOME/.gz/models" 
 []

)
File: logos/um6p-white-short.png Graphic file (type png)
<use logos/um6p-white-short.png>
Package pdftex.def Info: logos/um6p-white-short.png  used on input line 774.
(pdftex.def)             Requested size: 28.45274pt x 9.90755pt.
 [77

]
\openout4 = `main.vrb'.

 (./main.vrb
LaTeX Font Info:    Font shape `T1/lmss/m/it' in size <9> not available
(Font)              Font shape `T1/lmss/m/sl' tried instead on input line 23.
)
File: logos/um6p-white-short.png Graphic file (type png)
<use logos/um6p-white-short.png>
Package pdftex.def Info: logos/um6p-white-short.png  used on input line 827.
(pdftex.def)             Requested size: 28.45274pt x 9.90755pt.
 [78

]
\openout4 = `main.vrb'.

 (./main.vrb)
File: logos/um6p-white-short.png Graphic file (type png)
<use logos/um6p-white-short.png>
Package pdftex.def Info: logos/um6p-white-short.png  used on input line 855.
(pdftex.def)             Requested size: 28.45274pt x 9.90755pt.
 [79

]
\openout4 = `main.vrb'.

 (./main.vrb)
File: logos/um6p-white-short.png Graphic file (type png)
<use logos/um6p-white-short.png>
Package pdftex.def Info: logos/um6p-white-short.png  used on input line 897.
(pdftex.def)             Requested size: 28.45274pt x 9.90755pt.
 [80

]
\openout4 = `main.vrb'.

 (./main.vrb)
File: logos/um6p-white-short.png Graphic file (type png)
<use logos/um6p-white-short.png>
Package pdftex.def Info: logos/um6p-white-short.png  used on input line 928.
(pdftex.def)             Requested size: 28.45274pt x 9.90755pt.
 [81

]
\openout4 = `main.vrb'.

 (./main.vrb)
File: logos/um6p-white-short.png Graphic file (type png)
<use logos/um6p-white-short.png>
Package pdftex.def Info: logos/um6p-white-short.png  used on input line 944.
(pdftex.def)             Requested size: 28.45274pt x 9.90755pt.
 [82

]
\openout4 = `main.vrb'.

 (./main.vrb
Overfull \hbox (7.2488pt too wide) in paragraph at lines 12--12
[]\T1/lmtt/m/n/9 # 1. Update the list of available software 
 []

)
File: logos/um6p-white-short.png Graphic file (type png)
<use logos/um6p-white-short.png>
Package pdftex.def Info: logos/um6p-white-short.png  used on input line 988.
(pdftex.def)             Requested size: 28.45274pt x 9.90755pt.
 [83

]
\openout4 = `main.vrb'.

 (./main.vrb)
Overfull \vbox (14.16693pt too high) detected at line 1027
 []

File: logos/um6p-white-short.png Graphic file (type png)
<use logos/um6p-white-short.png>
Package pdftex.def Info: logos/um6p-white-short.png  used on input line 1027.
(pdftex.def)             Requested size: 28.45274pt x 9.90755pt.
[84

]
\openout4 = `main.vrb'.

 (./main.vrb)
File: logos/um6p-white-short.png Graphic file (type png)
<use logos/um6p-white-short.png>
Package pdftex.def Info: logos/um6p-white-short.png  used on input line 1053.
(pdftex.def)             Requested size: 28.45274pt x 9.90755pt.
 [85

]
\openout4 = `main.vrb'.

 (./main.vrb)
File: logos/um6p-white-short.png Graphic file (type png)
<use logos/um6p-white-short.png>
Package pdftex.def Info: logos/um6p-white-short.png  used on input line 1091.
(pdftex.def)             Requested size: 28.45274pt x 9.90755pt.
 [86

]
File: logos/um6p-white-short.png Graphic file (type png)
<use logos/um6p-white-short.png>
Package pdftex.def Info: logos/um6p-white-short.png  used on input line 1131.
(pdftex.def)             Requested size: 28.45274pt x 9.90755pt.
 [87

]
\openout4 = `main.vrb'.

 (./main.vrb)
Overfull \vbox (4.99535pt too high) detected at line 1164
 []

File: logos/um6p-white-short.png Graphic file (type png)
<use logos/um6p-white-short.png>
Package pdftex.def Info: logos/um6p-white-short.png  used on input line 1164.
(pdftex.def)             Requested size: 28.45274pt x 9.90755pt.
[88

]
File: logos/um6p-white-short.png Graphic file (type png)
<use logos/um6p-white-short.png>
Package pdftex.def Info: logos/um6p-white-short.png  used on input line 1204.
(pdftex.def)             Requested size: 28.45274pt x 9.90755pt.
 [89

]
\openout4 = `main.vrb'.

 (./main.vrb)
File: logos/um6p-white-short.png Graphic file (type png)
<use logos/um6p-white-short.png>
Package pdftex.def Info: logos/um6p-white-short.png  used on input line 1267.
(pdftex.def)             Requested size: 28.45274pt x 9.90755pt.
 [90

] (./main.vrb)
File: logos/um6p-white-short.png Graphic file (type png)
<use logos/um6p-white-short.png>
Package pdftex.def Info: logos/um6p-white-short.png  used on input line 1267.
(pdftex.def)             Requested size: 28.45274pt x 9.90755pt.
 [91

]
\openout4 = `main.vrb'.

 (./main.vrb)
File: logos/um6p-white-short.png Graphic file (type png)
<use logos/um6p-white-short.png>
Package pdftex.def Info: logos/um6p-white-short.png  used on input line 1315.
(pdftex.def)             Requested size: 28.45274pt x 9.90755pt.
 [92

] (./main.vrb)
File: logos/um6p-white-short.png Graphic file (type png)
<use logos/um6p-white-short.png>
Package pdftex.def Info: logos/um6p-white-short.png  used on input line 1315.
(pdftex.def)             Requested size: 28.45274pt x 9.90755pt.
 [93

]
\openout4 = `main.vrb'.

 (./main.vrb)
File: logos/um6p-white-short.png Graphic file (type png)
<use logos/um6p-white-short.png>
Package pdftex.def Info: logos/um6p-white-short.png  used on input line 1367.
(pdftex.def)             Requested size: 28.45274pt x 9.90755pt.
 [94

] (./main.vrb)
File: logos/um6p-white-short.png Graphic file (type png)
<use logos/um6p-white-short.png>
Package pdftex.def Info: logos/um6p-white-short.png  used on input line 1367.
(pdftex.def)             Requested size: 28.45274pt x 9.90755pt.
 [95

]
LaTeX Font Info:    Font shape `T1/lmss/m/it' in size <10.95> not available
(Font)              Font shape `T1/lmss/m/sl' tried instead on input line 1387.
File: logos/um6p-white-short.png Graphic file (type png)
<use logos/um6p-white-short.png>
Package pdftex.def Info: logos/um6p-white-short.png  used on input line 1387.
(pdftex.def)             Requested size: 28.45274pt x 9.90755pt.
 [96

]
File: logos/um6p-white-short.png Graphic file (type png)
<use logos/um6p-white-short.png>
Package pdftex.def Info: logos/um6p-white-short.png  used on input line 1492.
(pdftex.def)             Requested size: 28.45274pt x 9.90755pt.
 [97

]) (./lectex/Git_Github.tex (./main.toc) [98

]
File: logos/um6p-white-short.png Graphic file (type png)
<use logos/um6p-white-short.png>
Package pdftex.def Info: logos/um6p-white-short.png  used on input line 20.
(pdftex.def)             Requested size: 28.45274pt x 9.90755pt.
 [99

]
File: logos/um6p-white-short.png Graphic file (type png)
<use logos/um6p-white-short.png>
Package pdftex.def Info: logos/um6p-white-short.png  used on input line 50.
(pdftex.def)             Requested size: 28.45274pt x 9.90755pt.
 [100

]
File: logos/um6p-white-short.png Graphic file (type png)
<use logos/um6p-white-short.png>
Package pdftex.def Info: logos/um6p-white-short.png  used on input line 62.
(pdftex.def)             Requested size: 28.45274pt x 9.90755pt.
 [101

]
File: logos/um6p-white-short.png Graphic file (type png)
<use logos/um6p-white-short.png>
Package pdftex.def Info: logos/um6p-white-short.png  used on input line 94.
(pdftex.def)             Requested size: 28.45274pt x 9.90755pt.
 [102

]
File: logos/um6p-white-short.png Graphic file (type png)
<use logos/um6p-white-short.png>
Package pdftex.def Info: logos/um6p-white-short.png  used on input line 146.
(pdftex.def)             Requested size: 28.45274pt x 9.90755pt.
 [103

]
File: logos/um6p-white-short.png Graphic file (type png)
<use logos/um6p-white-short.png>
Package pdftex.def Info: logos/um6p-white-short.png  used on input line 146.
(pdftex.def)             Requested size: 28.45274pt x 9.90755pt.
 [104

]
File: logos/um6p-white-short.png Graphic file (type png)
<use logos/um6p-white-short.png>
Package pdftex.def Info: logos/um6p-white-short.png  used on input line 165.
(pdftex.def)             Requested size: 28.45274pt x 9.90755pt.
 [105

]
\openout4 = `main.vrb'.

 (./main.vrb)
File: logos/um6p-white-short.png Graphic file (type png)
<use logos/um6p-white-short.png>
Package pdftex.def Info: logos/um6p-white-short.png  used on input line 187.
(pdftex.def)             Requested size: 28.45274pt x 9.90755pt.
 [106

]
File: logos/um6p-white-short.png Graphic file (type png)
<use logos/um6p-white-short.png>
Package pdftex.def Info: logos/um6p-white-short.png  used on input line 214.
(pdftex.def)             Requested size: 28.45274pt x 9.90755pt.
 [107

]
\openout4 = `main.vrb'.

 (./main.vrb)
File: logos/um6p-white-short.png Graphic file (type png)
<use logos/um6p-white-short.png>
Package pdftex.def Info: logos/um6p-white-short.png  used on input line 237.
(pdftex.def)             Requested size: 28.45274pt x 9.90755pt.
 [108

]
\openout4 = `main.vrb'.

 (./main.vrb)
File: logos/um6p-white-short.png Graphic file (type png)
<use logos/um6p-white-short.png>
Package pdftex.def Info: logos/um6p-white-short.png  used on input line 259.
(pdftex.def)             Requested size: 28.45274pt x 9.90755pt.
 [109

]
\openout4 = `main.vrb'.

 (./main.vrb)
File: logos/um6p-white-short.png Graphic file (type png)
<use logos/um6p-white-short.png>
Package pdftex.def Info: logos/um6p-white-short.png  used on input line 289.
(pdftex.def)             Requested size: 28.45274pt x 9.90755pt.
 [110

]
\openout4 = `main.vrb'.

 (./main.vrb)
File: logos/um6p-white-short.png Graphic file (type png)
<use logos/um6p-white-short.png>
Package pdftex.def Info: logos/um6p-white-short.png  used on input line 311.
(pdftex.def)             Requested size: 28.45274pt x 9.90755pt.
 [111

]
\openout4 = `main.vrb'.

 (./main.vrb)
File: logos/um6p-white-short.png Graphic file (type png)
<use logos/um6p-white-short.png>
Package pdftex.def Info: logos/um6p-white-short.png  used on input line 330.
(pdftex.def)             Requested size: 28.45274pt x 9.90755pt.
 [112

]
\openout4 = `main.vrb'.

 (./main.vrb)
File: logos/um6p-white-short.png Graphic file (type png)
<use logos/um6p-white-short.png>
Package pdftex.def Info: logos/um6p-white-short.png  used on input line 352.
(pdftex.def)             Requested size: 28.45274pt x 9.90755pt.
 [113

]
\openout4 = `main.vrb'.

 (./main.vrb)
File: logos/um6p-white-short.png Graphic file (type png)
<use logos/um6p-white-short.png>
Package pdftex.def Info: logos/um6p-white-short.png  used on input line 372.
(pdftex.def)             Requested size: 28.45274pt x 9.90755pt.
 [114

]
\openout4 = `main.vrb'.

 (./main.vrb)
File: logos/um6p-white-short.png Graphic file (type png)
<use logos/um6p-white-short.png>
Package pdftex.def Info: logos/um6p-white-short.png  used on input line 401.
(pdftex.def)             Requested size: 28.45274pt x 9.90755pt.
 [115

]
\openout4 = `main.vrb'.

 (./main.vrb)
File: logos/um6p-white-short.png Graphic file (type png)
<use logos/um6p-white-short.png>
Package pdftex.def Info: logos/um6p-white-short.png  used on input line 424.
(pdftex.def)             Requested size: 28.45274pt x 9.90755pt.
 [116

]
\openout4 = `main.vrb'.

 (./main.vrb)
File: logos/um6p-white-short.png Graphic file (type png)
<use logos/um6p-white-short.png>
Package pdftex.def Info: logos/um6p-white-short.png  used on input line 445.
(pdftex.def)             Requested size: 28.45274pt x 9.90755pt.
 [117

]
File: logos/um6p-white-short.png Graphic file (type png)
<use logos/um6p-white-short.png>
Package pdftex.def Info: logos/um6p-white-short.png  used on input line 467.
(pdftex.def)             Requested size: 28.45274pt x 9.90755pt.
 [118

]
\openout4 = `main.vrb'.

 (./main.vrb)
File: logos/um6p-white-short.png Graphic file (type png)
<use logos/um6p-white-short.png>
Package pdftex.def Info: logos/um6p-white-short.png  used on input line 483.
(pdftex.def)             Requested size: 28.45274pt x 9.90755pt.
 [119

]
\openout4 = `main.vrb'.

 (./main.vrb)
File: logos/um6p-white-short.png Graphic file (type png)
<use logos/um6p-white-short.png>
Package pdftex.def Info: logos/um6p-white-short.png  used on input line 501.
(pdftex.def)             Requested size: 28.45274pt x 9.90755pt.
 [120

]
\openout4 = `main.vrb'.

 (./main.vrb)
File: logos/um6p-white-short.png Graphic file (type png)
<use logos/um6p-white-short.png>
Package pdftex.def Info: logos/um6p-white-short.png  used on input line 521.
(pdftex.def)             Requested size: 28.45274pt x 9.90755pt.
 [121

]
File: logos/um6p-white-short.png Graphic file (type png)
<use logos/um6p-white-short.png>
Package pdftex.def Info: logos/um6p-white-short.png  used on input line 540.
(pdftex.def)             Requested size: 28.45274pt x 9.90755pt.
 [122

]
File: logos/um6p-white-short.png Graphic file (type png)
<use logos/um6p-white-short.png>
Package pdftex.def Info: logos/um6p-white-short.png  used on input line 584.
(pdftex.def)             Requested size: 28.45274pt x 9.90755pt.
 [123

]
\openout4 = `main.vrb'.

 (./main.vrb)
Overfull \vbox (9.55063pt too high) detected at line 633
 []

File: logos/um6p-white-short.png Graphic file (type png)
<use logos/um6p-white-short.png>
Package pdftex.def Info: logos/um6p-white-short.png  used on input line 633.
(pdftex.def)             Requested size: 28.45274pt x 9.90755pt.
[124

]
File: logos/um6p-white-short.png Graphic file (type png)
<use logos/um6p-white-short.png>
Package pdftex.def Info: logos/um6p-white-short.png  used on input line 652.
(pdftex.def)             Requested size: 28.45274pt x 9.90755pt.
 [125

]
File: logos/um6p-white-short.png Graphic file (type png)
<use logos/um6p-white-short.png>
Package pdftex.def Info: logos/um6p-white-short.png  used on input line 684.
(pdftex.def)             Requested size: 28.45274pt x 9.90755pt.
 [126

]
\openout4 = `main.vrb'.

 (./main.vrb)
File: logos/um6p-white-short.png Graphic file (type png)
<use logos/um6p-white-short.png>
Package pdftex.def Info: logos/um6p-white-short.png  used on input line 703.
(pdftex.def)             Requested size: 28.45274pt x 9.90755pt.
 [127

]
\openout4 = `main.vrb'.

 (./main.vrb)
File: logos/um6p-white-short.png Graphic file (type png)
<use logos/um6p-white-short.png>
Package pdftex.def Info: logos/um6p-white-short.png  used on input line 721.
(pdftex.def)             Requested size: 28.45274pt x 9.90755pt.
 [128

]
\openout4 = `main.vrb'.

 (./main.vrb)
File: logos/um6p-white-short.png Graphic file (type png)
<use logos/um6p-white-short.png>
Package pdftex.def Info: logos/um6p-white-short.png  used on input line 754.
(pdftex.def)             Requested size: 28.45274pt x 9.90755pt.
 [129

]
\openout4 = `main.vrb'.

 (./main.vrb)
Overfull \vbox (4.25064pt too high) detected at line 778
 []

File: logos/um6p-white-short.png Graphic file (type png)
<use logos/um6p-white-short.png>
Package pdftex.def Info: logos/um6p-white-short.png  used on input line 778.
(pdftex.def)             Requested size: 28.45274pt x 9.90755pt.
[130

]
\openout4 = `main.vrb'.

 (./main.vrb)
File: logos/um6p-white-short.png Graphic file (type png)
<use logos/um6p-white-short.png>
Package pdftex.def Info: logos/um6p-white-short.png  used on input line 805.
(pdftex.def)             Requested size: 28.45274pt x 9.90755pt.
 [131

]
File: logos/um6p-white-short.png Graphic file (type png)
<use logos/um6p-white-short.png>
Package pdftex.def Info: logos/um6p-white-short.png  used on input line 832.
(pdftex.def)             Requested size: 28.45274pt x 9.90755pt.
 [132

]
File: logos/um6p-white-short.png Graphic file (type png)
<use logos/um6p-white-short.png>
Package pdftex.def Info: logos/um6p-white-short.png  used on input line 940.
(pdftex.def)             Requested size: 28.45274pt x 9.90755pt.
 [133

])
\tf@nav=\write6
\openout6 = `main.nav'.

\tf@toc=\write7
\openout7 = `main.toc'.

\tf@snm=\write8
\openout8 = `main.snm'.

 (./main.aux)
Package rerunfilecheck Info: File `main.out' has not changed.
(rerunfilecheck)             Checksum: C3FE10FAFDB0B090C0C7347F297D42C7;907.
 ) 
Here is how much of TeX's memory you used:
 33143 strings out of 480171
 664111 string characters out of 5894489
 917641 words of memory out of 5000000
 50011 multiletter control sequences out of 15000+600000
 541768 words of font info for 82 fonts, out of 8000000 for 9000
 59 hyphenation exceptions out of 8191
 99i,17n,104p,498b,913s stack positions out of 5000i,500n,10000p,200000b,80000s
{/usr/share/texmf/fonts/enc/dvips/lm/lm-ec.enc}{/usr/share/texmf/fonts/enc/dvips/lm/lm-rm.enc}{/usr/share/texmf/fonts/enc/dvips/lm/lm-mathsy.enc}{/usr/share/texlive/texmf-dist/fonts/enc/dvips/base/8r.enc}</usr/share/texmf/fonts/type1/public/lm/lmcsc10.pfb></usr/share/texmf/fonts/type1/public/lm/lmr10.pfb></usr/share/texmf/fonts/type1/public/lm/lmr9.pfb></usr/share/texmf/fonts/type1/public/lm/lmss10.pfb></usr/share/texmf/fonts/type1/public/lm/lmss12.pfb></usr/share/texmf/fonts/type1/public/lm/lmss8.pfb></usr/share/texmf/fonts/type1/public/lm/lmss9.pfb></usr/share/texmf/fonts/type1/public/lm/lmssbx10.pfb></usr/share/texmf/fonts/type1/public/lm/lmsso10.pfb></usr/share/texmf/fonts/type1/public/lm/lmsso8.pfb></usr/share/texmf/fonts/type1/public/lm/lmsso9.pfb></usr/share/texmf/fonts/type1/public/lm/lmsy10.pfb></usr/share/texmf/fonts/type1/public/lm/lmsy9.pfb></usr/share/texmf/fonts/type1/public/lm/lmtk10.pfb></usr/share/texmf/fonts/type1/public/lm/lmtt10.pfb></usr/share/texmf/fonts/type1/public/lm/lmtt12.pfb></usr/share/texmf/fonts/type1/public/lm/lmtt8.pfb></usr/share/texmf/fonts/type1/public/lm/lmtt9.pfb></usr/share/texlive/texmf-dist/fonts/type1/public/amsfonts/symbols/msam10.pfb></usr/share/texlive/texmf-dist/fonts/type1/urw/helvetic/uhvb8a.pfb>
Output written on main.pdf (133 pages, 6327624 bytes).
PDF statistics:
 3658 PDF objects out of 4296 (max. 8388607)
 3408 compressed objects within 35 object streams
 287 named destinations out of 1000 (max. 500000)
 110 words of extra memory for PDF output out of 10000 (max. 10000000)

